../Drivers/STM32F4xx_HAL_Driver/Src/stm32f4xx_hal_timebase_rtc_alarm_template.c:97:19:HAL_InitTick	88	static
../Drivers/STM32F4xx_HAL_Driver/Src/stm32f4xx_hal_timebase_rtc_alarm_template.c:241:6:HAL_SuspendTick	4	static
../Drivers/STM32F4xx_HAL_Driver/Src/stm32f4xx_hal_timebase_rtc_alarm_template.c:256:6:HAL_ResumeTick	4	static
../Drivers/STM32F4xx_HAL_Driver/Src/stm32f4xx_hal_timebase_rtc_alarm_template.c:274:6:HAL_RTC_AlarmAEventCallback	24	static
../Drivers/STM32F4xx_HAL_Driver/Src/stm32f4xx_hal_timebase_rtc_alarm_template.c:306:6:RTC_Alarm_IRQHandler	8	static
