Archive member included to satisfy reference by file (symbol)

/opt/st/stm32cubeclt_1.19.0/GNU-tools-for-STM32/bin/../lib/gcc/arm-none-eabi/13.3.1/../../../../arm-none-eabi/lib/thumb/v7e-m+fp/hard/libm.a(libm_a-w_log.o)
                              CMakeFiles/CanModule22.dir/Core/Src/main.c.obj (log)
/opt/st/stm32cubeclt_1.19.0/GNU-tools-for-STM32/bin/../lib/gcc/arm-none-eabi/13.3.1/../../../../arm-none-eabi/lib/thumb/v7e-m+fp/hard/libm.a(libm_a-s_nan.o)
                              /opt/st/stm32cubeclt_1.19.0/GNU-tools-for-STM32/bin/../lib/gcc/arm-none-eabi/13.3.1/../../../../arm-none-eabi/lib/thumb/v7e-m+fp/hard/libm.a(libm_a-w_log.o) (nan)
/opt/st/stm32cubeclt_1.19.0/GNU-tools-for-STM32/bin/../lib/gcc/arm-none-eabi/13.3.1/../../../../arm-none-eabi/lib/thumb/v7e-m+fp/hard/libm.a(libm_a-s_round.o)
                              CMakeFiles/CanModule22.dir/Core/Src/main.c.obj (round)
/opt/st/stm32cubeclt_1.19.0/GNU-tools-for-STM32/bin/../lib/gcc/arm-none-eabi/13.3.1/../../../../arm-none-eabi/lib/thumb/v7e-m+fp/hard/libm.a(libm_a-e_log.o)
                              /opt/st/stm32cubeclt_1.19.0/GNU-tools-for-STM32/bin/../lib/gcc/arm-none-eabi/13.3.1/../../../../arm-none-eabi/lib/thumb/v7e-m+fp/hard/libm.a(libm_a-w_log.o) (__ieee754_log)
/opt/st/stm32cubeclt_1.19.0/GNU-tools-for-STM32/bin/../lib/gcc/arm-none-eabi/13.3.1/thumb/v7e-m+fp/hard/libgcc.a(_arm_muldf3.o)
                              CMakeFiles/CanModule22.dir/Core/Src/main.c.obj (__aeabi_dmul)
/opt/st/stm32cubeclt_1.19.0/GNU-tools-for-STM32/bin/../lib/gcc/arm-none-eabi/13.3.1/thumb/v7e-m+fp/hard/libgcc.a(_arm_addsubdf3.o)
                              CMakeFiles/CanModule22.dir/Core/Src/main.c.obj (__aeabi_dsub)
/opt/st/stm32cubeclt_1.19.0/GNU-tools-for-STM32/bin/../lib/gcc/arm-none-eabi/13.3.1/thumb/v7e-m+fp/hard/libgcc.a(_arm_muldivdf3.o)
                              CMakeFiles/CanModule22.dir/Core/Src/main.c.obj (__aeabi_ddiv)
/opt/st/stm32cubeclt_1.19.0/GNU-tools-for-STM32/bin/../lib/gcc/arm-none-eabi/13.3.1/thumb/v7e-m+fp/hard/libgcc.a(_arm_cmpdf2.o)
                              /opt/st/stm32cubeclt_1.19.0/GNU-tools-for-STM32/bin/../lib/gcc/arm-none-eabi/13.3.1/../../../../arm-none-eabi/lib/thumb/v7e-m+fp/hard/libm.a(libm_a-w_log.o) (__aeabi_dcmpeq)
/opt/st/stm32cubeclt_1.19.0/GNU-tools-for-STM32/bin/../lib/gcc/arm-none-eabi/13.3.1/thumb/v7e-m+fp/hard/libgcc.a(_arm_unorddf2.o)
                              /opt/st/stm32cubeclt_1.19.0/GNU-tools-for-STM32/bin/../lib/gcc/arm-none-eabi/13.3.1/../../../../arm-none-eabi/lib/thumb/v7e-m+fp/hard/libm.a(libm_a-w_log.o) (__aeabi_dcmpun)
/opt/st/stm32cubeclt_1.19.0/GNU-tools-for-STM32/bin/../lib/gcc/arm-none-eabi/13.3.1/thumb/v7e-m+fp/hard/libgcc.a(_arm_fixunsdfsi.o)
                              CMakeFiles/CanModule22.dir/Core/Src/main.c.obj (__aeabi_d2uiz)
/opt/st/stm32cubeclt_1.19.0/GNU-tools-for-STM32/bin/../lib/gcc/arm-none-eabi/13.3.1/thumb/v7e-m+fp/hard/libgcc.a(_aeabi_ldivmod.o)
                              cmake/stm32cubemx/CMakeFiles/STM32_Drivers.dir/__/__/Drivers/STM32F4xx_HAL_Driver/Src/stm32f4xx_hal_rcc.c.obj (__aeabi_ldivmod)
/opt/st/stm32cubeclt_1.19.0/GNU-tools-for-STM32/bin/../lib/gcc/arm-none-eabi/13.3.1/thumb/v7e-m+fp/hard/libgcc.a(_aeabi_uldivmod.o)
                              cmake/stm32cubemx/CMakeFiles/STM32_Drivers.dir/__/__/Drivers/STM32F4xx_HAL_Driver/Src/stm32f4xx_hal_rcc.c.obj (__aeabi_uldivmod)
/opt/st/stm32cubeclt_1.19.0/GNU-tools-for-STM32/bin/../lib/gcc/arm-none-eabi/13.3.1/thumb/v7e-m+fp/hard/libgcc.a(_udivmoddi4.o)
                              /opt/st/stm32cubeclt_1.19.0/GNU-tools-for-STM32/bin/../lib/gcc/arm-none-eabi/13.3.1/thumb/v7e-m+fp/hard/libgcc.a(_aeabi_ldivmod.o) (__udivmoddi4)
/opt/st/stm32cubeclt_1.19.0/GNU-tools-for-STM32/bin/../lib/gcc/arm-none-eabi/13.3.1/thumb/v7e-m+fp/hard/libgcc.a(_dvmd_tls.o)
                              /opt/st/stm32cubeclt_1.19.0/GNU-tools-for-STM32/bin/../lib/gcc/arm-none-eabi/13.3.1/thumb/v7e-m+fp/hard/libgcc.a(_aeabi_ldivmod.o) (__aeabi_ldiv0)
/opt/st/stm32cubeclt_1.19.0/GNU-tools-for-STM32/bin/../lib/gcc/arm-none-eabi/13.3.1/../../../../arm-none-eabi/lib/thumb/v7e-m+fp/hard/libg_nano.a(libc_a-exit.o)
                              /opt/st/stm32cubeclt_1.19.0/GNU-tools-for-STM32/bin/../lib/gcc/arm-none-eabi/13.3.1/../../../../arm-none-eabi/lib/thumb/v7e-m+fp/hard/crt0.o (exit)
/opt/st/stm32cubeclt_1.19.0/GNU-tools-for-STM32/bin/../lib/gcc/arm-none-eabi/13.3.1/../../../../arm-none-eabi/lib/thumb/v7e-m+fp/hard/libg_nano.a(libc_a-findfp.o)
                              /opt/st/stm32cubeclt_1.19.0/GNU-tools-for-STM32/bin/../lib/gcc/arm-none-eabi/13.3.1/../../../../arm-none-eabi/lib/thumb/v7e-m+fp/hard/libg_nano.a(libc_a-exit.o) (__stdio_exit_handler)
/opt/st/stm32cubeclt_1.19.0/GNU-tools-for-STM32/bin/../lib/gcc/arm-none-eabi/13.3.1/../../../../arm-none-eabi/lib/thumb/v7e-m+fp/hard/libg_nano.a(libc_a-fwalk.o)
[...]
Memory Configuration

Name             Origin             Length             Attributes
RAM              0x20000000         0x00020000         xrw
CCMRAM           0x10000000         0x00010000         xrw
FLASH            0x08000000         0x00080000         xr
*default*        0x00000000         0xffffffff

Linker script and memory map

LOAD /opt/st/stm32cubeclt_1.19.0/GNU-tools-for-STM32/bin/../lib/gcc/arm-none-eabi/13.3.1/thumb/v7e-m+fp/hard/crti.o
LOAD /opt/st/stm32cubeclt_1.19.0/GNU-tools-for-STM32/bin/../lib/gcc/arm-none-eabi/13.3.1/thumb/v7e-m+fp/hard/crtbegin.o
LOAD /opt/st/stm32cubeclt_1.19.0/GNU-tools-for-STM32/bin/../lib/gcc/arm-none-eabi/13.3.1/../../../../arm-none-eabi/lib/thumb/v7e-m+fp/hard/crt0.o
LOAD cmake/stm32cubemx/CMakeFiles/STM32_Drivers.dir/__/__/Core/Src/system_stm32f4xx.c.obj
LOAD cmake/stm32cubemx/CMakeFiles/STM32_Drivers.dir/__/__/Drivers/STM32F4xx_HAL_Driver/Src/stm32f4xx_hal_adc.c.obj
LOAD cmake/stm32cubemx/CMakeFiles/STM32_Drivers.dir/__/__/Drivers/STM32F4xx_HAL_Driver/Src/stm32f4xx_hal_adc_ex.c.obj
LOAD cmake/stm32cubemx/CMakeFiles/STM32_Drivers.dir/__/__/Drivers/STM32F4xx_HAL_Driver/Src/stm32f4xx_ll_adc.c.obj
LOAD cmake/stm32cubemx/CMakeFiles/STM32_Drivers.dir/__/__/Drivers/STM32F4xx_HAL_Driver/Src/stm32f4xx_hal_rcc.c.obj
LOAD cmake/stm32cubemx/CMakeFiles/STM32_Drivers.dir/__/__/Drivers/STM32F4xx_HAL_Driver/Src/stm32f4xx_hal_rcc_ex.c.obj
LOAD cmake/stm32cubemx/CMakeFiles/STM32_Drivers.dir/__/__/Drivers/STM32F4xx_HAL_Driver/Src/stm32f4xx_hal_flash.c.obj
LOAD cmake/stm32cubemx/CMakeFiles/STM32_Drivers.dir/__/__/Drivers/STM32F4xx_HAL_Driver/Src/stm32f4xx_hal_flash_ex.c.obj
LOAD cmake/stm32cubemx/CMakeFiles/STM32_Drivers.dir/__/__/Drivers/STM32F4xx_HAL_Driver/Src/stm32f4xx_hal_flash_ramfunc.c.obj
LOAD cmake/stm32cubemx/CMakeFiles/STM32_Drivers.dir/__/__/Drivers/STM32F4xx_HAL_Driver/Src/stm32f4xx_hal_gpio.c.obj
LOAD cmake/stm32cubemx/CMakeFiles/STM32_Drivers.dir/__/__/Drivers/STM32F4xx_HAL_Driver/Src/stm32f4xx_hal_dma_ex.c.obj
LOAD cmake/stm32cubemx/CMakeFiles/STM32_Drivers.dir/__/__/Drivers/STM32F4xx_HAL_Driver/Src/stm32f4xx_hal_dma.c.obj
LOAD cmake/stm32cubemx/CMakeFiles/STM32_Drivers.dir/__/__/Drivers/STM32F4xx_HAL_Driver/Src/stm32f4xx_hal_pwr.c.obj
LOAD cmake/stm32cubemx/CMakeFiles/STM32_Drivers.dir/__/__/Drivers/STM32F4xx_HAL_Driver/Src/stm32f4xx_hal_pwr_ex.c.obj
LOAD cmake/stm32cubemx/CMakeFiles/STM32_Drivers.dir/__/__/Drivers/STM32F4xx_HAL_Driver/Src/stm32f4xx_hal_cortex.c.obj
LOAD cmake/stm32cubemx/CMakeFiles/STM32_Drivers.dir/__/__/Drivers/STM32F4xx_HAL_Driver/Src/stm32f4xx_hal.c.obj
LOAD cmake/stm32cubemx/CMakeFiles/STM32_Drivers.dir/__/__/Drivers/STM32F4xx_HAL_Driver/Src/stm32f4xx_hal_exti.c.obj
LOAD cmake/stm32cubemx/CMakeFiles/STM32_Drivers.dir/__/__/Drivers/STM32F4xx_HAL_Driver/Src/stm32f4xx_hal_can.c.obj
LOAD cmake/stm32cubemx/CMakeFiles/STM32_Drivers.dir/__/__/Drivers/STM32F4xx_HAL_Driver/Src/stm32f4xx_hal_iwdg.c.obj
LOAD cmake/stm32cubemx/CMakeFiles/STM32_Drivers.dir/__/__/Drivers/STM32F4xx_HAL_Driver/Src/stm32f4xx_hal_tim.c.obj
LOAD cmake/stm32cubemx/CMakeFiles/STM32_Drivers.dir/__/__/Drivers/STM32F4xx_HAL_Driver/Src/stm32f4xx_hal_tim_ex.c.obj
LOAD CMakeFiles/CanModule22.dir/Core/Src/main.c.obj
LOAD CMakeFiles/CanModule22.dir/Core/Src/stm32f4xx_it.c.obj
LOAD CMakeFiles/CanModule22.dir/Core/Src/stm32f4xx_hal_msp.c.obj
LOAD CMakeFiles/CanModule22.dir/Core/Src/sysmem.c.obj
LOAD CMakeFiles/CanModule22.dir/Core/Src/syscalls.c.obj
LOAD CMakeFiles/CanModule22.dir/startup_stm32f407xx.s.obj
LOAD /opt/st/stm32cubeclt_1.19.0/GNU-tools-for-STM32/bin/../lib/gcc/arm-none-eabi/13.3.1/../../../../arm-none-eabi/lib/thumb/v7e-m+fp/hard/libm.a
START GROUP
LOAD /opt/st/stm32cubeclt_1.19.0/GNU-tools-for-STM32/bin/../lib/gcc/arm-none-eabi/13.3.1/thumb/v7e-m+fp/hard/libgcc.a
LOAD /opt/st/stm32cubeclt_1.19.0/GNU-tools-for-STM32/bin/../lib/gcc/arm-none-eabi/13.3.1/../../../../arm-none-eabi/lib/thumb/v7e-m+fp/hard/libg_nano.a
LOAD /opt/st/stm32cubeclt_1.19.0/GNU-tools-for-STM32/bin/../lib/gcc/arm-none-eabi/13.3.1/../../../../arm-none-eabi/lib/thumb/v7e-m+fp/hard/libc_nano.a
END GROUP
START GROUP
LOAD /opt/st/stm32cubeclt_1.19.0/GNU-tools-for-STM32/bin/../lib/gcc/arm-none-eabi/13.3.1/thumb/v7e-m+fp/hard/libgcc.a
LOAD /opt/st/stm32cubeclt_1.19.0/GNU-tools-for-STM32/bin/../lib/gcc/arm-none-eabi/13.3.1/../../../../arm-none-eabi/lib/thumb/v7e-m+fp/hard/libc_nano.a
END GROUP
LOAD /opt/st/stm32cubeclt_1.19.0/GNU-tools-for-STM32/bin/../lib/gcc/arm-none-eabi/13.3.1/thumb/v7e-m+fp/hard/crtend.o
LOAD /opt/st/stm32cubeclt_1.19.0/GNU-tools-for-STM32/bin/../lib/gcc/arm-none-eabi/13.3.1/thumb/v7e-m+fp/hard/crtn.o
                0x20020000                        _estack = (ORIGIN (RAM) + LENGTH (RAM))
                0x00000200                        _Min_Heap_Size = 0x200
                0x00000400                        _Min_Stack_Size = 0x400

.isr_vector     0x08000000      0x188
                0x08000000                        . = ALIGN (0x4)
 *(.isr_vector)
 .isr_vector    0x08000000      0x188 CMakeFiles/CanModule22.dir/startup_stm32f407xx.s.obj
                0x08000000                g_pfnVectors
                0x08000188                        . = ALIGN (0x4)

.text           0x08000188     0x3be8
                0x08000188                        . = ALIGN (0x4)
 *(.text)
 .text          0x08000188       0x40 /opt/st/stm32cubeclt_1.19.0/GNU-tools-for-STM32/bin/../lib/gcc/arm-none-eabi/13.3.1/thumb/v7e-m+fp/hard/crtbegin.o
 .text          0x080001c8      0x378 /opt/st/stm32cubeclt_1.19.0/GNU-tools-for-STM32/bin/../lib/gcc/arm-none-eabi/13.3.1/thumb/v7e-m+fp/hard/libgcc.a(_arm_addsubdf3.o)
                0x080001c8                __aeabi_drsub
                0x080001d0                __aeabi_dsub
                0x080001d0                __subdf3
                0x080001d4                __adddf3
                0x080001d4                __aeabi_dadd
                0x0800044c                __aeabi_ui2d
                0x0800044c                __floatunsidf
                0x0800046c                __floatsidf
                0x0800046c                __aeabi_i2d
                0x08000490                __extendsfdf2
                0x08000490                __aeabi_f2d
                0x080004d4                __aeabi_ul2d
                0x080004d4                __floatundidf
                0x080004e4                __floatdidf
                0x080004e4                __aeabi_l2d
 .text          0x08000540      0x424 /opt/st/stm32cubeclt_1.19.0/GNU-tools-for-STM32/bin/../lib/gcc/arm-none-eabi/13.3.1/thumb/v7e-m+fp/hard/libgcc.a(_arm_muldivdf3.o)
                0x08000540                __aeabi_dmul
                0x08000540                __muldf3
                0x08000794                __aeabi_ddiv
                0x08000794                __divdf3
 .text          0x08000964      0x110 /opt/st/stm32cubeclt_1.19.0/GNU-tools-for-STM32/bin/../lib/gcc/arm-none-eabi/13.3.1/thumb/v7e-m+fp/hard/libgcc.a(_arm_cmpdf2.o)
                0x08000964                __gtdf2
                0x08000964                __gedf2
                0x0800096c                __ltdf2
                0x0800096c                __ledf2
                0x08000974                __cmpdf2
                0x08000974                __eqdf2
                0x08000974                __nedf2
                0x080009f0                __aeabi_cdrcmple
                0x08000a00                __aeabi_cdcmple
                0x08000a00                __aeabi_cdcmpeq
                0x08000a10                __aeabi_dcmpeq
                0x08000a24                __aeabi_dcmplt
                0x08000a38                __aeabi_dcmple
                0x08000a4c                __aeabi_dcmpge
                0x08000a60                __aeabi_dcmpgt
 .text          0x08000a74       0x2c /opt/st/stm32cubeclt_1.19.0/GNU-tools-for-STM32/bin/../lib/gcc/arm-none-eabi/13.3.1/thumb/v7e-m+fp/hard/libgcc.a(_arm_unorddf2.o)
                0x08000a74                __aeabi_dcmpun
                0x08000a74                __unorddf2
 .text          0x08000aa0       0x40 /opt/st/stm32cubeclt_1.19.0/GNU-tools-for-STM32/bin/../lib/gcc/arm-none-eabi/13.3.1/thumb/v7e-m+fp/hard/libgcc.a(_arm_fixunsdfsi.o)
                0x08000aa0                __fixunsdfsi
                0x08000aa0                __aeabi_d2uiz
 .text          0x08000ae0       0x30 /opt/st/stm32cubeclt_1.19.0/GNU-tools-for-STM32/bin/../lib/gcc/arm-none-eabi/13.3.1/thumb/v7e-m+fp/hard/libgcc.a(_aeabi_uldivmod.o)
                0x08000ae0                __aeabi_uldivmod
 .text          0x08000b10      0x2f8 /opt/st/stm32cubeclt_1.19.0/GNU-tools-for-STM32/bin/../lib/gcc/arm-none-eabi/13.3.1/thumb/v7e-m+fp/hard/libgcc.a(_udivmoddi4.o)
                0x08000b10                __udivmoddi4
 .text          0x08000e08        0x4 /opt/st/stm32cubeclt_1.19.0/GNU-tools-for-STM32/bin/../lib/gcc/arm-none-eabi/13.3.1/thumb/v7e-m+fp/hard/libgcc.a(_dvmd_tls.o)
                0x08000e08                __aeabi_ldiv0
                0x08000e08                __aeabi_idiv0
 *(.text*)
 .text.SystemInit
                0x08000e0c       0x14 cmake/stm32cubemx/CMakeFiles/STM32_Drivers.dir/__/__/Core/Src/system_stm32f4xx.c.obj
                0x08000e0c                SystemInit
 .text.HAL_ADC_Init
                0x08000e20      0x14c cmake/stm32cubemx/CMakeFiles/STM32_Drivers.dir/__/__/Drivers/STM32F4xx_HAL_Driver/Src/stm32f4xx_hal_adc.c.obj
                0x08000e20                HAL_ADC_Init
 .text.HAL_ADC_Start_DMA
                0x08000f6c      0x148 cmake/stm32cubemx/CMakeFiles/STM32_Drivers.dir/__/__/Drivers/STM32F4xx_HAL_Driver/Src/stm32f4xx_hal_adc.c.obj
                0x08000f6c                HAL_ADC_Start_DMA
 .text.HAL_ADC_ConvCpltCallback
                0x080010b4        0x2 cmake/stm32cubemx/CMakeFiles/STM32_Drivers.dir/__/__/Drivers/STM32F4xx_HAL_Driver/Src/stm32f4xx_hal_adc.c.obj
                0x080010b4                HAL_ADC_ConvCpltCallback
 .text.HAL_ADC_ConvHalfCpltCallback
                0x080010b6        0x2 cmake/stm32cubemx/CMakeFiles/STM32_Drivers.dir/__/__/Drivers/STM32F4xx_HAL_Driver/Src/stm32f4xx_hal_adc.c.obj
                0x080010b6                HAL_ADC_ConvHalfCpltCallback
 .text.ADC_DMAHalfConvCplt
                0x080010b8        0xa cmake/stm32cubemx/CMakeFiles/STM32_Drivers.dir/__/__/Drivers/STM32F4xx_HAL_Driver/Src/stm32f4xx_hal_adc.c.obj
 .text.HAL_ADC_ErrorCallback
                0x080010c2        0x2 cmake/stm32cubemx/CMakeFiles/STM32_Drivers.dir/__/__/Drivers/STM32F4xx_HAL_Driver/Src/stm32f4xx_hal_adc.c.obj
                0x080010c2                HAL_ADC_ErrorCallback
 .text.ADC_DMAError
                0x080010c4       0x16 cmake/stm32cubemx/CMakeFiles/STM32_Drivers.dir/__/__/Drivers/STM32F4xx_HAL_Driver/Src/stm32f4xx_hal_adc.c.obj
 .text.ADC_DMAConvCplt
                0x080010da       0x6c cmake/stm32cubemx/CMakeFiles/STM32_Drivers.dir/__/__/Drivers/STM32F4xx_HAL_Driver/Src/stm32f4xx_hal_adc.c.obj
 *fill*         0x08001146        0x2 
 .text.HAL_ADC_ConfigChannel
                0x08001148      0x120 cmake/stm32cubemx/CMakeFiles/STM32_Drivers.dir/__/__/Drivers/STM32F4xx_HAL_Driver/Src/stm32f4xx_hal_adc.c.obj
                0x08001148                HAL_ADC_ConfigChannel
 .text.HAL_RCC_OscConfig
                0x08001268      0x35c cmake/stm32cubemx/CMakeFiles/STM32_Drivers.dir/__/__/Drivers/STM32F4xx_HAL_Driver/Src/stm32f4xx_hal_rcc.c.obj
                0x08001268                HAL_RCC_OscConfig
 .text.HAL_RCC_GetSysClockFreq
                0x080015c4       0x5c cmake/stm32cubemx/CMakeFiles/STM32_Drivers.dir/__/__/Drivers/STM32F4xx_HAL_Driver/Src/stm32f4xx_hal_rcc.c.obj
                0x080015c4                HAL_RCC_GetSysClockFreq
 .text.HAL_RCC_ClockConfig
                0x08001620      0x134 cmake/stm32cubemx/CMakeFiles/STM32_Drivers.dir/__/__/Drivers/STM32F4xx_HAL_Driver/Src/stm32f4xx_hal_rcc.c.obj
                0x08001620                HAL_RCC_ClockConfig
 .text.HAL_GPIO_Init
                0x08001754      0x1b0 cmake/stm32cubemx/CMakeFiles/STM32_Drivers.dir/__/__/Drivers/STM32F4xx_HAL_Driver/Src/stm32f4xx_hal_gpio.c.obj
                0x08001754                HAL_GPIO_Init
 .text.HAL_GPIO_ReadPin
                0x08001904        0xc cmake/stm32cubemx/CMakeFiles/STM32_Drivers.dir/__/__/Drivers/STM32F4xx_HAL_Driver/Src/stm32f4xx_hal_gpio.c.obj
                0x08001904                HAL_GPIO_ReadPin
 .text.HAL_GPIO_WritePin
                0x08001910        0xa cmake/stm32cubemx/CMakeFiles/STM32_Drivers.dir/__/__/Drivers/STM32F4xx_HAL_Driver/Src/stm32f4xx_hal_gpio.c.obj
                0x08001910                HAL_GPIO_WritePin
 .text.HAL_GPIO_EXTI_Callback
                0x0800191a        0x2 cmake/stm32cubemx/CMakeFiles/STM32_Drivers.dir/__/__/Drivers/STM32F4xx_HAL_Driver/Src/stm32f4xx_hal_gpio.c.obj
                0x0800191a                HAL_GPIO_EXTI_Callback
 .text.HAL_GPIO_EXTI_IRQHandler
                0x0800191c       0x18 cmake/stm32cubemx/CMakeFiles/STM32_Drivers.dir/__/__/Drivers/STM32F4xx_HAL_Driver/Src/stm32f4xx_hal_gpio.c.obj
                0x0800191c                HAL_GPIO_EXTI_IRQHandler
 .text.DMA_CalcBaseAndBitshift
                0x08001934       0x2c cmake/stm32cubemx/CMakeFiles/STM32_Drivers.dir/__/__/Drivers/STM32F4xx_HAL_Driver/Src/stm32f4xx_hal_dma.c.obj
 .text.HAL_DMA_Init
                0x08001960       0xfc cmake/stm32cubemx/CMakeFiles/STM32_Drivers.dir/__/__/Drivers/STM32F4xx_HAL_Driver/Src/stm32f4xx_hal_dma.c.obj
                0x08001960                HAL_DMA_Init
 .text.HAL_DMA_Start_IT
                0x08001a5c       0x72 cmake/stm32cubemx/CMakeFiles/STM32_Drivers.dir/__/__/Drivers/STM32F4xx_HAL_Driver/Src/stm32f4xx_hal_dma.c.obj
                0x08001a5c                HAL_DMA_Start_IT
 *fill*         0x08001ace        0x2 
 .text.HAL_DMA_IRQHandler
                0x08001ad0      0x17c cmake/stm32cubemx/CMakeFiles/STM32_Drivers.dir/__/__/Drivers/STM32F4xx_HAL_Driver/Src/stm32f4xx_hal_dma.c.obj
                0x08001ad0                HAL_DMA_IRQHandler
 .text.HAL_NVIC_SetPriorityGrouping
                0x08001c4c       0x24 cmake/stm32cubemx/CMakeFiles/STM32_Drivers.dir/__/__/Drivers/STM32F4xx_HAL_Driver/Src/stm32f4xx_hal_cortex.c.obj
                0x08001c4c                HAL_NVIC_SetPriorityGrouping
 .text.HAL_NVIC_SetPriority
                0x08001c70       0x64 cmake/stm32cubemx/CMakeFiles/STM32_Drivers.dir/__/__/Drivers/STM32F4xx_HAL_Driver/Src/stm32f4xx_hal_cortex.c.obj
                0x08001c70                HAL_NVIC_SetPriority
 .text.HAL_NVIC_EnableIRQ
                0x08001cd4       0x1c cmake/stm32cubemx/CMakeFiles/STM32_Drivers.dir/__/__/Drivers/STM32F4xx_HAL_Driver/Src/stm32f4xx_hal_cortex.c.obj
                0x08001cd4                HAL_NVIC_EnableIRQ
 .text.HAL_SYSTICK_Config
                0x08001cf0       0x28 cmake/stm32cubemx/CMakeFiles/STM32_Drivers.dir/__/__/Drivers/STM32F4xx_HAL_Driver/Src/stm32f4xx_hal_cortex.c.obj
                0x08001cf0                HAL_SYSTICK_Config
 .text.HAL_InitTick
                0x08001d18       0x48 cmake/stm32cubemx/CMakeFiles/STM32_Drivers.dir/__/__/Drivers/STM32F4xx_HAL_Driver/Src/stm32f4xx_hal.c.obj
                0x08001d18                HAL_InitTick
 .text.HAL_Init
                0x08001d60       0x34 cmake/stm32cubemx/CMakeFiles/STM32_Drivers.dir/__/__/Drivers/STM32F4xx_HAL_Driver/Src/stm32f4xx_hal.c.obj
                0x08001d60                HAL_Init
 .text.HAL_IncTick
                0x08001d94       0x18 cmake/stm32cubemx/CMakeFiles/STM32_Drivers.dir/__/__/Drivers/STM32F4xx_HAL_Driver/Src/stm32f4xx_hal.c.obj
                0x08001d94                HAL_IncTick
 .text.HAL_GetTick
                0x08001dac        0xc cmake/stm32cubemx/CMakeFiles/STM32_Drivers.dir/__/__/Drivers/STM32F4xx_HAL_Driver/Src/stm32f4xx_hal.c.obj
                0x08001dac                HAL_GetTick
 .text.HAL_Delay
                0x08001db8       0x28 cmake/stm32cubemx/CMakeFiles/STM32_Drivers.dir/__/__/Drivers/STM32F4xx_HAL_Driver/Src/stm32f4xx_hal.c.obj
                0x08001db8                HAL_Delay
 .text.HAL_CAN_Init
                0x08001de0       0xf6 cmake/stm32cubemx/CMakeFiles/STM32_Drivers.dir/__/__/Drivers/STM32F4xx_HAL_Driver/Src/stm32f4xx_hal_can.c.obj
                0x08001de0                HAL_CAN_Init
 *fill*         0x08001ed6        0x2 
 .text.HAL_CAN_ConfigFilter
                0x08001ed8      0x10c cmake/stm32cubemx/CMakeFiles/STM32_Drivers.dir/__/__/Drivers/STM32F4xx_HAL_Driver/Src/stm32f4xx_hal_can.c.obj
                0x08001ed8                HAL_CAN_ConfigFilter
 .text.HAL_CAN_Start
                0x08001fe4       0x56 cmake/stm32cubemx/CMakeFiles/STM32_Drivers.dir/__/__/Drivers/STM32F4xx_HAL_Driver/Src/stm32f4xx_hal_can.c.obj
                0x08001fe4                HAL_CAN_Start
 .text.HAL_CAN_AddTxMessage
                0x0800203a       0xa2 cmake/stm32cubemx/CMakeFiles/STM32_Drivers.dir/__/__/Drivers/STM32F4xx_HAL_Driver/Src/stm32f4xx_hal_can.c.obj
                0x0800203a                HAL_CAN_AddTxMessage
 .text.HAL_CAN_AbortTxRequest
                0x080020dc       0x44 cmake/stm32cubemx/CMakeFiles/STM32_Drivers.dir/__/__/Drivers/STM32F4xx_HAL_Driver/Src/stm32f4xx_hal_can.c.obj
                0x080020dc                HAL_CAN_AbortTxRequest
 .text.HAL_CAN_GetTxMailboxesFreeLevel
                0x08002120       0x28 cmake/stm32cubemx/CMakeFiles/STM32_Drivers.dir/__/__/Drivers/STM32F4xx_HAL_Driver/Src/stm32f4xx_hal_can.c.obj
                0x08002120                HAL_CAN_GetTxMailboxesFreeLevel
 .text.HAL_CAN_ActivateNotification
                0x08002148       0x22 cmake/stm32cubemx/CMakeFiles/STM32_Drivers.dir/__/__/Drivers/STM32F4xx_HAL_Driver/Src/stm32f4xx_hal_can.c.obj
                0x08002148                HAL_CAN_ActivateNotification
 .text.HAL_IWDG_Init
                0x0800216a       0x4e cmake/stm32cubemx/CMakeFiles/STM32_Drivers.dir/__/__/Drivers/STM32F4xx_HAL_Driver/Src/stm32f4xx_hal_iwdg.c.obj
                0x0800216a                HAL_IWDG_Init
 .text.HAL_IWDG_Refresh
                0x080021b8        0xc cmake/stm32cubemx/CMakeFiles/STM32_Drivers.dir/__/__/Drivers/STM32F4xx_HAL_Driver/Src/stm32f4xx_hal_iwdg.c.obj
                0x080021b8                HAL_IWDG_Refresh
 .text.HAL_TIM_Base_Start_IT
                0x080021c4       0x74 cmake/stm32cubemx/CMakeFiles/STM32_Drivers.dir/__/__/Drivers/STM32F4xx_HAL_Driver/Src/stm32f4xx_hal_tim.c.obj
                0x080021c4                HAL_TIM_Base_Start_IT
 .text.HAL_TIM_OC_DelayElapsedCallback
                0x08002238        0x2 cmake/stm32cubemx/CMakeFiles/STM32_Drivers.dir/__/__/Drivers/STM32F4xx_HAL_Driver/Src/stm32f4xx_hal_tim.c.obj
                0x08002238                HAL_TIM_OC_DelayElapsedCallback
 .text.HAL_TIM_IC_CaptureCallback
                0x0800223a        0x2 cmake/stm32cubemx/CMakeFiles/STM32_Drivers.dir/__/__/Drivers/STM32F4xx_HAL_Driver/Src/stm32f4xx_hal_tim.c.obj
                0x0800223a                HAL_TIM_IC_CaptureCallback
 .text.HAL_TIM_PWM_PulseFinishedCallback
                0x0800223c        0x2 cmake/stm32cubemx/CMakeFiles/STM32_Drivers.dir/__/__/Drivers/STM32F4xx_HAL_Driver/Src/stm32f4xx_hal_tim.c.obj
                0x0800223c                HAL_TIM_PWM_PulseFinishedCallback
 .text.HAL_TIM_TriggerCallback
                0x0800223e        0x2 cmake/stm32cubemx/CMakeFiles/STM32_Drivers.dir/__/__/Drivers/STM32F4xx_HAL_Driver/Src/stm32f4xx_hal_tim.c.obj
                0x0800223e                HAL_TIM_TriggerCallback
 .text.HAL_TIM_IRQHandler
                0x08002240      0x144 cmake/stm32cubemx/CMakeFiles/STM32_Drivers.dir/__/__/Drivers/STM32F4xx_HAL_Driver/Src/stm32f4xx_hal_tim.c.obj
                0x08002240                HAL_TIM_IRQHandler
 .text.TIM_Base_SetConfig
                0x08002384       0xa0 cmake/stm32cubemx/CMakeFiles/STM32_Drivers.dir/__/__/Drivers/STM32F4xx_HAL_Driver/Src/stm32f4xx_hal_tim.c.obj
                0x08002384                TIM_Base_SetConfig
 .text.HAL_TIM_Base_Init
                0x08002424       0x58 cmake/stm32cubemx/CMakeFiles/STM32_Drivers.dir/__/__/Drivers/STM32F4xx_HAL_Driver/Src/stm32f4xx_hal_tim.c.obj
                0x08002424                HAL_TIM_Base_Init
 .text.TIM_ETR_SetConfig
                0x0800247c       0x14 cmake/stm32cubemx/CMakeFiles/STM32_Drivers.dir/__/__/Drivers/STM32F4xx_HAL_Driver/Src/stm32f4xx_hal_tim.c.obj
                0x0800247c                TIM_ETR_SetConfig
 .text.HAL_TIM_ConfigClockSource
                0x08002490      0x132 cmake/stm32cubemx/CMakeFiles/STM32_Drivers.dir/__/__/Drivers/STM32F4xx_HAL_Driver/Src/stm32f4xx_hal_tim.c.obj
                0x08002490                HAL_TIM_ConfigClockSource
 *fill*         0x080025c2        0x2 
 .text.HAL_TIMEx_MasterConfigSynchronization
                0x080025c4       0x7c cmake/stm32cubemx/CMakeFiles/STM32_Drivers.dir/__/__/Drivers/STM32F4xx_HAL_Driver/Src/stm32f4xx_hal_tim_ex.c.obj
                0x080025c4                HAL_TIMEx_MasterConfigSynchronization
 .text.HAL_TIMEx_CommutCallback
                0x08002640        0x2 cmake/stm32cubemx/CMakeFiles/STM32_Drivers.dir/__/__/Drivers/STM32F4xx_HAL_Driver/Src/stm32f4xx_hal_tim_ex.c.obj
                0x08002640                HAL_TIMEx_CommutCallback
 .text.HAL_TIMEx_BreakCallback
                0x08002642        0x2 cmake/stm32cubemx/CMakeFiles/STM32_Drivers.dir/__/__/Drivers/STM32F4xx_HAL_Driver/Src/stm32f4xx_hal_tim_ex.c.obj
                0x08002642                HAL_TIMEx_BreakCallback
 .text.SystemClock_Config
                0x08002644       0xa0 CMakeFiles/CanModule22.dir/Core/Src/main.c.obj
                0x08002644                SystemClock_Config
 *fill*         0x080026e4        0x4 
 .text.startup.main
                0x080026e8      0x8f8 CMakeFiles/CanModule22.dir/Core/Src/main.c.obj
                0x080026e8                main
 .text.CanDataTx_CAN
                0x08002fe0       0x1c CMakeFiles/CanModule22.dir/Core/Src/main.c.obj
                0x08002fe0                CanDataTx_CAN
 .text.HAL_TIM_PeriodElapsedCallback
                0x08002ffc      0x584 CMakeFiles/CanModule22.dir/Core/Src/main.c.obj
                0x08002ffc                HAL_TIM_PeriodElapsedCallback
 .text.Error_Handler
                0x08003580        0x4 CMakeFiles/CanModule22.dir/Core/Src/main.c.obj
                0x08003580                Error_Handler
 .text.NMI_Handler
                0x08003584        0x2 CMakeFiles/CanModule22.dir/Core/Src/stm32f4xx_it.c.obj
                0x08003584                NMI_Handler
 .text.HardFault_Handler
                0x08003586        0x2 CMakeFiles/CanModule22.dir/Core/Src/stm32f4xx_it.c.obj
                0x08003586                HardFault_Handler
 .text.MemManage_Handler
                0x08003588        0x2 CMakeFiles/CanModule22.dir/Core/Src/stm32f4xx_it.c.obj
                0x08003588                MemManage_Handler
 .text.BusFault_Handler
                0x0800358a        0x2 CMakeFiles/CanModule22.dir/Core/Src/stm32f4xx_it.c.obj
                0x0800358a                BusFault_Handler
 .text.UsageFault_Handler
                0x0800358c        0x2 CMakeFiles/CanModule22.dir/Core/Src/stm32f4xx_it.c.obj
                0x0800358c                UsageFault_Handler
 .text.SVC_Handler
                0x0800358e        0x2 CMakeFiles/CanModule22.dir/Core/Src/stm32f4xx_it.c.obj
                0x0800358e                SVC_Handler
 .text.DebugMon_Handler
                0x08003590        0x2 CMakeFiles/CanModule22.dir/Core/Src/stm32f4xx_it.c.obj
                0x08003590                DebugMon_Handler
 .text.PendSV_Handler
                0x08003592        0x2 CMakeFiles/CanModule22.dir/Core/Src/stm32f4xx_it.c.obj
                0x08003592                PendSV_Handler
 .text.SysTick_Handler
                0x08003594        0x4 CMakeFiles/CanModule22.dir/Core/Src/stm32f4xx_it.c.obj
                0x08003594                SysTick_Handler
 .text.EXTI0_IRQHandler
                0x08003598       0x18 CMakeFiles/CanModule22.dir/Core/Src/stm32f4xx_it.c.obj
                0x08003598                EXTI0_IRQHandler
 .text.EXTI1_IRQHandler
                0x080035b0       0x18 CMakeFiles/CanModule22.dir/Core/Src/stm32f4xx_it.c.obj
                0x080035b0                EXTI1_IRQHandler
 .text.EXTI9_5_IRQHandler
                0x080035c8       0x50 CMakeFiles/CanModule22.dir/Core/Src/stm32f4xx_it.c.obj
                0x080035c8                EXTI9_5_IRQHandler
 .text.TIM4_IRQHandler
                0x08003618        0xc CMakeFiles/CanModule22.dir/Core/Src/stm32f4xx_it.c.obj
                0x08003618                TIM4_IRQHandler
 .text.DMA2_Stream0_IRQHandler
                0x08003624        0xc CMakeFiles/CanModule22.dir/Core/Src/stm32f4xx_it.c.obj
                0x08003624                DMA2_Stream0_IRQHandler
 .text.HAL_MspInit
                0x08003630       0x38 CMakeFiles/CanModule22.dir/Core/Src/stm32f4xx_hal_msp.c.obj
                0x08003630                HAL_MspInit
 .text.HAL_ADC_MspInit
                0x08003668       0xf8 CMakeFiles/CanModule22.dir/Core/Src/stm32f4xx_hal_msp.c.obj
                0x08003668                HAL_ADC_MspInit
 .text.HAL_CAN_MspInit
                0x08003760       0x6c CMakeFiles/CanModule22.dir/Core/Src/stm32f4xx_hal_msp.c.obj
                0x08003760                HAL_CAN_MspInit
 .text.HAL_TIM_Base_MspInit
                0x080037cc       0x44 CMakeFiles/CanModule22.dir/Core/Src/stm32f4xx_hal_msp.c.obj
                0x080037cc                HAL_TIM_Base_MspInit
 .text.Reset_Handler
                0x08003810       0x50 CMakeFiles/CanModule22.dir/startup_stm32f407xx.s.obj
                0x08003810                Reset_Handler
 .text.Default_Handler
                0x08003860        0x2 CMakeFiles/CanModule22.dir/startup_stm32f407xx.s.obj
                0x08003860                RTC_Alarm_IRQHandler
                0x08003860                HASH_RNG_IRQHandler
                0x08003860                EXTI2_IRQHandler
                0x08003860                TIM8_CC_IRQHandler
                0x08003860                TIM1_CC_IRQHandler
                0x08003860                DMA2_Stream5_IRQHandler
                0x08003860                DMA1_Stream5_IRQHandler
                0x08003860                PVD_IRQHandler
                0x08003860                SDIO_IRQHandler
                0x08003860                TAMP_STAMP_IRQHandler
                0x08003860                CAN2_RX1_IRQHandler
                0x08003860                EXTI3_IRQHandler
                0x08003860                TIM8_TRG_COM_TIM14_IRQHandler
                0x08003860                TIM1_UP_TIM10_IRQHandler
                0x08003860                TIM8_UP_TIM13_IRQHandler
                0x08003860                I2C3_ER_IRQHandler
                0x08003860                I2C2_EV_IRQHandler
                0x08003860                DMA1_Stream2_IRQHandler
                0x08003860                CAN1_RX0_IRQHandler
                0x08003860                FPU_IRQHandler
                0x08003860                OTG_HS_WKUP_IRQHandler
                0x08003860                CAN2_SCE_IRQHandler
                0x08003860                DMA2_Stream2_IRQHandler
                0x08003860                SPI1_IRQHandler
                0x08003860                TIM6_DAC_IRQHandler
                0x08003860                TIM1_BRK_TIM9_IRQHandler
                0x08003860                DCMI_IRQHandler
                0x08003860                CAN2_RX0_IRQHandler
                0x08003860                DMA2_Stream3_IRQHandler
                0x08003860                USART6_IRQHandler
                0x08003860                USART3_IRQHandler
                0x08003860                CAN1_RX1_IRQHandler
                0x08003860                UART5_IRQHandler
                0x08003860                I2C1_EV_IRQHandler
                0x08003860                DMA1_Stream6_IRQHandler
                0x08003860                DMA1_Stream1_IRQHandler
                0x08003860                UART4_IRQHandler
                0x08003860                TIM3_IRQHandler
                0x08003860                RCC_IRQHandler
                0x08003860                TIM8_BRK_TIM12_IRQHandler
                0x08003860                Default_Handler
                0x08003860                EXTI15_10_IRQHandler
                0x08003860                ADC_IRQHandler
                0x08003860                DMA1_Stream7_IRQHandler
                0x08003860                TIM7_IRQHandler
                0x08003860                CAN2_TX_IRQHandler
                0x08003860                TIM5_IRQHandler
                0x08003860                DMA2_Stream7_IRQHandler
                0x08003860                I2C3_EV_IRQHandler
                0x08003860                RTC_WKUP_IRQHandler
                0x08003860                ETH_WKUP_IRQHandler
                0x08003860                SPI2_IRQHandler
                0x08003860                OTG_HS_EP1_IN_IRQHandler
                0x08003860                DMA1_Stream0_IRQHandler
                0x08003860                CAN1_TX_IRQHandler
                0x08003860                EXTI4_IRQHandler
                0x08003860                FSMC_IRQHandler
                0x08003860                ETH_IRQHandler
                0x08003860                OTG_HS_EP1_OUT_IRQHandler
                0x08003860                WWDG_IRQHandler
                0x08003860                TIM2_IRQHandler
                0x08003860                OTG_FS_WKUP_IRQHandler
                0x08003860                TIM1_TRG_COM_TIM11_IRQHandler
                0x08003860                OTG_HS_IRQHandler
                0x08003860                USART2_IRQHandler
                0x08003860                I2C2_ER_IRQHandler
                0x08003860                DMA2_Stream1_IRQHandler
                0x08003860                CAN1_SCE_IRQHandler
                0x08003860                FLASH_IRQHandler
                0x08003860                DMA2_Stream4_IRQHandler
                0x08003860                USART1_IRQHandler
                0x08003860                OTG_FS_IRQHandler
                0x08003860                SPI3_IRQHandler
                0x08003860                DMA1_Stream4_IRQHandler
                0x08003860                I2C1_ER_IRQHandler
                0x08003860                DMA2_Stream6_IRQHandler
                0x08003860                DMA1_Stream3_IRQHandler
 *fill*         0x08003862        0x6 
 .text.log      0x08003868       0x7c /opt/st/stm32cubeclt_1.19.0/GNU-tools-for-STM32/bin/../lib/gcc/arm-none-eabi/13.3.1/../../../../arm-none-eabi/lib/thumb/v7e-m+fp/hard/libm.a(libm_a-w_log.o)
                0x08003868                log
 *fill*         0x080038e4        0x4 
 .text.nan      0x080038e8       0x10 /opt/st/stm32cubeclt_1.19.0/GNU-tools-for-STM32/bin/../lib/gcc/arm-none-eabi/13.3.1/../../../../arm-none-eabi/lib/thumb/v7e-m+fp/hard/libm.a(libm_a-s_nan.o)
                0x080038e8                nan
 .text.round    0x080038f8       0x8c /opt/st/stm32cubeclt_1.19.0/GNU-tools-for-STM32/bin/../lib/gcc/arm-none-eabi/13.3.1/../../../../arm-none-eabi/lib/thumb/v7e-m+fp/hard/libm.a(libm_a-s_round.o)
                0x080038f8                round
 *fill*         0x08003984        0x4 
 .text.__ieee754_log
                0x08003988      0x36c /opt/st/stm32cubeclt_1.19.0/GNU-tools-for-STM32/bin/../lib/gcc/arm-none-eabi/13.3.1/../../../../arm-none-eabi/lib/thumb/v7e-m+fp/hard/libm.a(libm_a-e_log.o)
                0x08003988                __ieee754_log
 .text.memset   0x08003cf4       0x10 /opt/st/stm32cubeclt_1.19.0/GNU-tools-for-STM32/bin/../lib/gcc/arm-none-eabi/13.3.1/../../../../arm-none-eabi/lib/thumb/v7e-m+fp/hard/libg_nano.a(libc_a-memset.o)
                0x08003cf4                memset
 .text.__errno  0x08003d04        0xc /opt/st/stm32cubeclt_1.19.0/GNU-tools-for-STM32/bin/../lib/gcc/arm-none-eabi/13.3.1/../../../../arm-none-eabi/lib/thumb/v7e-m+fp/hard/libg_nano.a(libc_a-errno.o)
                0x08003d04                __errno
 .text.__libc_init_array
                0x08003d10       0x48 /opt/st/stm32cubeclt_1.19.0/GNU-tools-for-STM32/bin/../lib/gcc/arm-none-eabi/13.3.1/../../../../arm-none-eabi/lib/thumb/v7e-m+fp/hard/libg_nano.a(libc_a-init.o)
                0x08003d10                __libc_init_array
 *(.glue_7)
 .glue_7        0x08003d58        0x0 linker stubs
 *(.glue_7t)
 .glue_7t       0x08003d58        0x0 linker stubs
 *(.eh_frame)
 .eh_frame      0x08003d58        0x0 /opt/st/stm32cubeclt_1.19.0/GNU-tools-for-STM32/bin/../lib/gcc/arm-none-eabi/13.3.1/thumb/v7e-m+fp/hard/crtbegin.o
 *(.init)
 .init          0x08003d58        0x4 /opt/st/stm32cubeclt_1.19.0/GNU-tools-for-STM32/bin/../lib/gcc/arm-none-eabi/13.3.1/thumb/v7e-m+fp/hard/crti.o
                0x08003d58                _init
 .init          0x08003d5c        0x8 /opt/st/stm32cubeclt_1.19.0/GNU-tools-for-STM32/bin/../lib/gcc/arm-none-eabi/13.3.1/thumb/v7e-m+fp/hard/crtn.o
 *(.fini)
 .fini          0x08003d64        0x4 /opt/st/stm32cubeclt_1.19.0/GNU-tools-for-STM32/bin/../lib/gcc/arm-none-eabi/13.3.1/thumb/v7e-m+fp/hard/crti.o
                0x08003d64                _fini
 .fini          0x08003d68        0x8 /opt/st/stm32cubeclt_1.19.0/GNU-tools-for-STM32/bin/../lib/gcc/arm-none-eabi/13.3.1/thumb/v7e-m+fp/hard/crtn.o
                0x08003d70                        . = ALIGN (0x4)
                0x08003d70                        _etext = .

.vfp11_veneer   0x08003d70        0x0
 .vfp11_veneer  0x08003d70        0x0 linker stubs

.v4_bx          0x08003d70        0x0
 .v4_bx         0x08003d70        0x0 linker stubs

.iplt           0x08003d70        0x0
 .iplt          0x08003d70        0x0 /opt/st/stm32cubeclt_1.19.0/GNU-tools-for-STM32/bin/../lib/gcc/arm-none-eabi/13.3.1/thumb/v7e-m+fp/hard/crtbegin.o

.rodata         0x08003d70       0x1c
                0x08003d70                        . = ALIGN (0x4)
 *(.rodata)
 *(.rodata*)
 .rodata.AHBPrescTable
                0x08003d70       0x10 cmake/stm32cubemx/CMakeFiles/STM32_Drivers.dir/__/__/Core/Src/system_stm32f4xx.c.obj
                0x08003d70                AHBPrescTable
 .rodata.flagBitshiftOffset.0
                0x08003d80        0x8 cmake/stm32cubemx/CMakeFiles/STM32_Drivers.dir/__/__/Drivers/STM32F4xx_HAL_Driver/Src/stm32f4xx_hal_dma.c.obj
 .rodata.log.str1.1
                0x08003d88        0x1 /opt/st/stm32cubeclt_1.19.0/GNU-tools-for-STM32/bin/../lib/gcc/arm-none-eabi/13.3.1/../../../../arm-none-eabi/lib/thumb/v7e-m+fp/hard/libm.a(libm_a-w_log.o)
                0x08003d8c                        . = ALIGN (0x4)
 *fill*         0x08003d89        0x3 

.ARM.extab      0x08003d8c        0x0
                0x08003d8c                        . = ALIGN (0x4)
 *(.ARM.extab* .gnu.linkonce.armextab.*)
                0x08003d8c                        . = ALIGN (0x4)

.ARM            0x08003d8c        0x8
                0x08003d8c                        . = ALIGN (0x4)
                0x08003d8c                        __exidx_start = .
 *(.ARM.exidx*)
 .ARM.exidx     0x08003d8c        0x8 /opt/st/stm32cubeclt_1.19.0/GNU-tools-for-STM32/bin/../lib/gcc/arm-none-eabi/13.3.1/thumb/v7e-m+fp/hard/libgcc.a(_udivmoddi4.o)
                0x08003d94                        __exidx_end = .
                0x08003d94                        . = ALIGN (0x4)

.preinit_array  0x08003d94        0x0
                0x08003d94                        . = ALIGN (0x4)
                0x08003d94                        PROVIDE (__preinit_array_start = .)
 *(.preinit_array*)
                0x08003d94                        PROVIDE (__preinit_array_end = .)
                0x08003d94                        . = ALIGN (0x4)

.init_array     0x08003d94        0x4
                0x08003d94                        . = ALIGN (0x4)
                0x08003d94                        PROVIDE (__init_array_start = .)
 *(SORT_BY_NAME(.init_array.*))
 *(.init_array*)
 .init_array    0x08003d94        0x4 /opt/st/stm32cubeclt_1.19.0/GNU-tools-for-STM32/bin/../lib/gcc/arm-none-eabi/13.3.1/thumb/v7e-m+fp/hard/crtbegin.o
                0x08003d98                        PROVIDE (__init_array_end = .)
                0x08003d98                        . = ALIGN (0x4)

.fini_array     0x08003d98        0x4
                0x08003d98                        . = ALIGN (0x4)
                [!provide]                        PROVIDE (__fini_array_start = .)
 *(SORT_BY_NAME(.fini_array.*))
 *(.fini_array*)
 .fini_array    0x08003d98        0x4 /opt/st/stm32cubeclt_1.19.0/GNU-tools-for-STM32/bin/../lib/gcc/arm-none-eabi/13.3.1/thumb/v7e-m+fp/hard/crtbegin.o
                [!provide]                        PROVIDE (__fini_array_end = .)
                0x08003d9c                        . = ALIGN (0x4)
                0x08003d9c                        _siccmram = LOADADDR (.ccmram)

.rel.dyn        0x08003d9c        0x0
 .rel.iplt      0x08003d9c        0x0 /opt/st/stm32cubeclt_1.19.0/GNU-tools-for-STM32/bin/../lib/gcc/arm-none-eabi/13.3.1/thumb/v7e-m+fp/hard/crtbegin.o

.ccmram         0x10000000        0x0 load address 0x08003d9c
                0x10000000                        . = ALIGN (0x4)
                0x10000000                        _sccmram = .
 *(.ccmram)
 *(.ccmram*)
                0x10000000                        . = ALIGN (0x4)
                0x10000000                        _eccmram = .
                0x08003d9c                        _sidata = LOADADDR (.data)

.data           0x20000000       0x7c load address 0x08003d9c
                0x20000000                        . = ALIGN (0x4)
                0x20000000                        _sdata = .
 *(.data)
 *(.data*)
 .data.SystemCoreClock
                0x20000000        0x4 cmake/stm32cubemx/CMakeFiles/STM32_Drivers.dir/__/__/Core/Src/system_stm32f4xx.c.obj
                0x20000000                SystemCoreClock
 .data.uwTickFreq
                0x20000004        0x1 cmake/stm32cubemx/CMakeFiles/STM32_Drivers.dir/__/__/Drivers/STM32F4xx_HAL_Driver/Src/stm32f4xx_hal.c.obj
                0x20000004                uwTickFreq
 *fill*         0x20000005        0x3 
 .data.uwTickPrio
                0x20000008        0x4 cmake/stm32cubemx/CMakeFiles/STM32_Drivers.dir/__/__/Drivers/STM32F4xx_HAL_Driver/Src/stm32f4xx_hal.c.obj
                0x20000008                uwTickPrio
 .data.rpm_first
                0x2000000c        0x1 CMakeFiles/CanModule22.dir/Core/Src/main.c.obj
                0x2000000c                rpm_first
 .data.rpm_count
                0x2000000d        0x1 CMakeFiles/CanModule22.dir/Core/Src/main.c.obj
                0x2000000d                rpm_count
 .data.numOfWhlSpdTrig
                0x2000000e        0x1 CMakeFiles/CanModule22.dir/Core/Src/main.c.obj
                0x2000000e                numOfWhlSpdTrig
 *fill*         0x2000000f        0x1 
 .data.Vref_5V  0x20000010        0x2 CMakeFiles/CanModule22.dir/Core/Src/main.c.obj
                0x20000010                Vref_5V
 .data.whl_spd_deadzone
                0x20000012        0x2 CMakeFiles/CanModule22.dir/Core/Src/main.c.obj
                0x20000012                whl_spd_deadzone
 .data.TxTime4  0x20000014        0x1 CMakeFiles/CanModule22.dir/Core/Src/main.c.obj
                0x20000014                TxTime4
 .data.TxTime3  0x20000015        0x1 CMakeFiles/CanModule22.dir/Core/Src/main.c.obj
                0x20000015                TxTime3
 .data.TxTime2  0x20000016        0x1 CMakeFiles/CanModule22.dir/Core/Src/main.c.obj
                0x20000016                TxTime2
 .data.TxTime1  0x20000017        0x1 CMakeFiles/CanModule22.dir/Core/Src/main.c.obj
                0x20000017                TxTime1
 .data.TX_ID4   0x20000018        0x4 CMakeFiles/CanModule22.dir/Core/Src/main.c.obj
                0x20000018                TX_ID4
 .data.TX_ID3   0x2000001c        0x4 CMakeFiles/CanModule22.dir/Core/Src/main.c.obj
                0x2000001c                TX_ID3
 .data.TX_ID2   0x20000020        0x4 CMakeFiles/CanModule22.dir/Core/Src/main.c.obj
                0x20000020                TX_ID2
 .data.TX_ID1   0x20000024        0x4 CMakeFiles/CanModule22.dir/Core/Src/main.c.obj
                0x20000024                TX_ID1
 .data.CAN_BUFFER_SIZE
                0x20000028        0x1 CMakeFiles/CanModule22.dir/Core/Src/main.c.obj
                0x20000028                CAN_BUFFER_SIZE
 *fill*         0x20000029        0x3 
 .data._impure_ptr
                0x2000002c        0x4 /opt/st/stm32cubeclt_1.19.0/GNU-tools-for-STM32/bin/../lib/gcc/arm-none-eabi/13.3.1/../../../../arm-none-eabi/lib/thumb/v7e-m+fp/hard/libg_nano.a(libc_a-impure.o)
                0x2000002c                _impure_ptr
 .data._impure_data
                0x20000030       0x4c /opt/st/stm32cubeclt_1.19.0/GNU-tools-for-STM32/bin/../lib/gcc/arm-none-eabi/13.3.1/../../../../arm-none-eabi/lib/thumb/v7e-m+fp/hard/libg_nano.a(libc_a-impure.o)
                0x20000030                _impure_data
 *(.RamFunc)
 *(.RamFunc*)
                0x2000007c                        . = ALIGN (0x4)

.igot.plt       0x2000007c        0x0 load address 0x08003e18
 .igot.plt      0x2000007c        0x0 /opt/st/stm32cubeclt_1.19.0/GNU-tools-for-STM32/bin/../lib/gcc/arm-none-eabi/13.3.1/thumb/v7e-m+fp/hard/crtbegin.o

.tdata          0x2000007c        0x0 load address 0x08003e18
 *(.tdata .tdata.* .gnu.linkonce.td.*)
                0x2000007c                        . = ALIGN (0x4)
                0x2000007c                        _edata = .
                [!provide]                        PROVIDE (__data_end = .)
                [!provide]                        PROVIDE (__tdata_end = .)
                [!provide]                        PROVIDE (__tdata_start = ADDR (.tdata))
                [!provide]                        PROVIDE (__tdata_size = (__tdata_end - __tdata_start))
                [!provide]                        PROVIDE (__data_start = ADDR (.data))
                [!provide]                        PROVIDE (__data_size = (__data_end - __data_start))
                [!provide]                        PROVIDE (__tdata_source = LOADADDR (.tdata))
                [!provide]                        PROVIDE (__tdata_source_end = (LOADADDR (.tdata) + SIZEOF (.tdata)))
                [!provide]                        PROVIDE (__tdata_source_size = (__tdata_source_end - __tdata_source))
                [!provide]                        PROVIDE (__data_source = LOADADDR (.data))
                [!provide]                        PROVIDE (__data_source_end = __tdata_source_end)
                [!provide]                        PROVIDE (__data_source_size = (__data_source_end - __data_source))

.tbss           0x2000007c        0x0 load address 0x08003e18
                0x2000007c                        _sbss = .
                0x2000007c                        __bss_start__ = _sbss
 *(.tbss .tbss.*)
                0x2000007c                        . = ALIGN (0x4)
                [!provide]                        PROVIDE (__tbss_end = .)
                [!provide]                        PROVIDE (__tbss_start = ADDR (.tbss))
                [!provide]                        PROVIDE (__tbss_size = (__tbss_end - __tbss_start))
                [!provide]                        PROVIDE (__tbss_offset = (ADDR (.tbss) - ADDR (.tdata)))
                [!provide]                        PROVIDE (__tls_base = __tdata_start)
                [!provide]                        PROVIDE (__tls_end = __tbss_end)
                [!provide]                        PROVIDE (__tls_size = (__tls_end - __tls_base))
                [!provide]                        PROVIDE (__tls_align = MAX (ALIGNOF (.tdata), ALIGNOF (.tbss)))
                [!provide]                        PROVIDE (__tls_size_align = (((__tls_size + __tls_align) - 0x1) & ~ ((__tls_align - 0x1))))
                [!provide]                        PROVIDE (__arm32_tls_tcb_offset = MAX (0x8, __tls_align))
                [!provide]                        PROVIDE (__arm64_tls_tcb_offset = MAX (0x10, __tls_align))

.bss            0x20000080      0x3e4 load address 0x08003e18
 *(.bss)
 .bss           0x20000080       0x1c /opt/st/stm32cubeclt_1.19.0/GNU-tools-for-STM32/bin/../lib/gcc/arm-none-eabi/13.3.1/thumb/v7e-m+fp/hard/crtbegin.o
 *(.bss*)
 .bss.uwTick    0x2000009c        0x4 cmake/stm32cubemx/CMakeFiles/STM32_Drivers.dir/__/__/Drivers/STM32F4xx_HAL_Driver/Src/stm32f4xx_hal.c.obj
                0x2000009c                uwTick
 .bss.sec       0x200000a0        0x2 CMakeFiles/CanModule22.dir/Core/Src/main.c.obj
                0x200000a0                sec
 .bss.ms25      0x200000a2        0x2 CMakeFiles/CanModule22.dir/Core/Src/main.c.obj
                0x200000a2                ms25
 .bss.rpm_ch3_ms
                0x200000a4        0x2 CMakeFiles/CanModule22.dir/Core/Src/main.c.obj
                0x200000a4                rpm_ch3_ms
 .bss.rpm_ch2_ms
                0x200000a6        0x2 CMakeFiles/CanModule22.dir/Core/Src/main.c.obj
                0x200000a6                rpm_ch2_ms
 .bss.rpm_ch1_ms
                0x200000a8        0x2 CMakeFiles/CanModule22.dir/Core/Src/main.c.obj
                0x200000a8                rpm_ch1_ms
 .bss.rpm_ch0_ms
                0x200000aa        0x2 CMakeFiles/CanModule22.dir/Core/Src/main.c.obj
                0x200000aa                rpm_ch0_ms
 .bss.rpm_ave_count_3
                0x200000ac        0x1 CMakeFiles/CanModule22.dir/Core/Src/main.c.obj
                0x200000ac                rpm_ave_count_3
 .bss.rpm_ave_count_2
                0x200000ad        0x1 CMakeFiles/CanModule22.dir/Core/Src/main.c.obj
                0x200000ad                rpm_ave_count_2
 *fill*         0x200000ae        0x2 
 .bss.rpm_ave_31
                0x200000b0        0x8 CMakeFiles/CanModule22.dir/Core/Src/main.c.obj
                0x200000b0                rpm_ave_31
 .bss.rpm_ave_21
                0x200000b8        0x8 CMakeFiles/CanModule22.dir/Core/Src/main.c.obj
                0x200000b8                rpm_ave_21
 .bss.rpm_ave_3
                0x200000c0        0x8 CMakeFiles/CanModule22.dir/Core/Src/main.c.obj
                0x200000c0                rpm_ave_3
 .bss.rpm_ave_2
                0x200000c8        0x8 CMakeFiles/CanModule22.dir/Core/Src/main.c.obj
                0x200000c8                rpm_ave_2
 .bss.rpm_ave_1
                0x200000d0        0x8 CMakeFiles/CanModule22.dir/Core/Src/main.c.obj
                0x200000d0                rpm_ave_1
 .bss.rpm_ave_0
                0x200000d8        0x8 CMakeFiles/CanModule22.dir/Core/Src/main.c.obj
                0x200000d8                rpm_ave_0
 .bss.enableRPM
                0x200000e0        0x4 CMakeFiles/CanModule22.dir/Core/Src/main.c.obj
                0x200000e0                enableRPM
 .bss.rpm_ch3_trig
                0x200000e4        0x1 CMakeFiles/CanModule22.dir/Core/Src/main.c.obj
                0x200000e4                rpm_ch3_trig
 .bss.rpm_ch2_trig
                0x200000e5        0x1 CMakeFiles/CanModule22.dir/Core/Src/main.c.obj
                0x200000e5                rpm_ch2_trig
 .bss.rpm_ch1_trig
                0x200000e6        0x1 CMakeFiles/CanModule22.dir/Core/Src/main.c.obj
                0x200000e6                rpm_ch1_trig
 .bss.rpm_ch0_trig
                0x200000e7        0x1 CMakeFiles/CanModule22.dir/Core/Src/main.c.obj
                0x200000e7                rpm_ch0_trig
 .bss.EXTRA7    0x200000e8        0x2 CMakeFiles/CanModule22.dir/Core/Src/main.c.obj
                0x200000e8                EXTRA7
 .bss.EXTRA6    0x200000ea        0x2 CMakeFiles/CanModule22.dir/Core/Src/main.c.obj
                0x200000ea                EXTRA6
 .bss.EXTRA5    0x200000ec        0x2 CMakeFiles/CanModule22.dir/Core/Src/main.c.obj
                0x200000ec                EXTRA5
 .bss.EXTRA4    0x200000ee        0x2 CMakeFiles/CanModule22.dir/Core/Src/main.c.obj
                0x200000ee                EXTRA4
 .bss.EXTRA3    0x200000f0        0x2 CMakeFiles/CanModule22.dir/Core/Src/main.c.obj
                0x200000f0                EXTRA3
 .bss.EXTRA2    0x200000f2        0x2 CMakeFiles/CanModule22.dir/Core/Src/main.c.obj
                0x200000f2                EXTRA2
 .bss.EXTRA1    0x200000f4        0x2 CMakeFiles/CanModule22.dir/Core/Src/main.c.obj
                0x200000f4                EXTRA1
 .bss.Oiltemp   0x200000f6        0x2 CMakeFiles/CanModule22.dir/Core/Src/main.c.obj
                0x200000f6                Oiltemp
 .bss.Oilpress  0x200000f8        0x2 CMakeFiles/CanModule22.dir/Core/Src/main.c.obj
                0x200000f8                Oilpress
 .bss.Coolantpressure
                0x200000fa        0x2 CMakeFiles/CanModule22.dir/Core/Src/main.c.obj
                0x200000fa                Coolantpressure
 .bss.CoolanttempLower
                0x200000fc        0x2 CMakeFiles/CanModule22.dir/Core/Src/main.c.obj
                0x200000fc                CoolanttempLower
 .bss.suspotRR  0x200000fe        0x2 CMakeFiles/CanModule22.dir/Core/Src/main.c.obj
                0x200000fe                suspotRR
 .bss.suspotRL  0x20000100        0x2 CMakeFiles/CanModule22.dir/Core/Src/main.c.obj
                0x20000100                suspotRL
 *fill*         0x20000102        0x6 
 .bss.WspdFL    0x20000108        0x8 CMakeFiles/CanModule22.dir/Core/Src/main.c.obj
                0x20000108                WspdFL
 .bss.WspdFR    0x20000110        0x8 CMakeFiles/CanModule22.dir/Core/Src/main.c.obj
                0x20000110                WspdFR
 .bss.WspdRL    0x20000118        0x8 CMakeFiles/CanModule22.dir/Core/Src/main.c.obj
                0x20000118                WspdRL
 .bss.WspdRR    0x20000120        0x8 CMakeFiles/CanModule22.dir/Core/Src/main.c.obj
                0x20000120                WspdRR
 .bss.BrakepressRear
                0x20000128        0x2 CMakeFiles/CanModule22.dir/Core/Src/main.c.obj
                0x20000128                BrakepressRear
 .bss.Rntc      0x2000012a       0x10 CMakeFiles/CanModule22.dir/Core/Src/main.c.obj
                0x2000012a                Rntc
 *fill*         0x2000013a        0x2 
 .bss.AD_DMA    0x2000013c       0x40 CMakeFiles/CanModule22.dir/Core/Src/main.c.obj
                0x2000013c                AD_DMA
 .bss.Voltage   0x2000017c       0x20 CMakeFiles/CanModule22.dir/Core/Src/main.c.obj
                0x2000017c                Voltage
 .bss.ms4       0x2000019c        0x2 CMakeFiles/CanModule22.dir/Core/Src/main.c.obj
                0x2000019c                ms4
 .bss.ms3       0x2000019e        0x2 CMakeFiles/CanModule22.dir/Core/Src/main.c.obj
                0x2000019e                ms3
 .bss.ms2       0x200001a0        0x2 CMakeFiles/CanModule22.dir/Core/Src/main.c.obj
                0x200001a0                ms2
 .bss.ms1       0x200001a2        0x2 CMakeFiles/CanModule22.dir/Core/Src/main.c.obj
                0x200001a2                ms1
 .bss.mailbox   0x200001a4        0x4 CMakeFiles/CanModule22.dir/Core/Src/main.c.obj
                0x200001a4                mailbox
 .bss.sFilterConfig
                0x200001a8       0x28 CMakeFiles/CanModule22.dir/Core/Src/main.c.obj
                0x200001a8                sFilterConfig
 .bss.TxData_CAN4
                0x200001d0        0x6 CMakeFiles/CanModule22.dir/Core/Src/main.c.obj
                0x200001d0                TxData_CAN4
 .bss.TxData_CAN3
                0x200001d6        0x8 CMakeFiles/CanModule22.dir/Core/Src/main.c.obj
                0x200001d6                TxData_CAN3
 .bss.TxData_CAN2
                0x200001de        0x8 CMakeFiles/CanModule22.dir/Core/Src/main.c.obj
                0x200001de                TxData_CAN2
 .bss.TxData_CAN1
                0x200001e6        0x8 CMakeFiles/CanModule22.dir/Core/Src/main.c.obj
                0x200001e6                TxData_CAN1
 *fill*         0x200001ee        0x2 
 .bss.Tx1Header
                0x200001f0       0x18 CMakeFiles/CanModule22.dir/Core/Src/main.c.obj
                0x200001f0                Tx1Header
 .bss.htim4     0x20000208       0x48 CMakeFiles/CanModule22.dir/Core/Src/main.c.obj
                0x20000208                htim4
 .bss.hiwdg     0x20000250        0xc CMakeFiles/CanModule22.dir/Core/Src/main.c.obj
                0x20000250                hiwdg
 .bss.hcan1     0x2000025c       0x28 CMakeFiles/CanModule22.dir/Core/Src/main.c.obj
                0x2000025c                hcan1
 .bss.hdma_adc1
                0x20000284       0x60 CMakeFiles/CanModule22.dir/Core/Src/main.c.obj
                0x20000284                hdma_adc1
 .bss.hadc1     0x200002e4       0x48 CMakeFiles/CanModule22.dir/Core/Src/main.c.obj
                0x200002e4                hadc1
 .bss.__sf      0x2000032c      0x138 /opt/st/stm32cubeclt_1.19.0/GNU-tools-for-STM32/bin/../lib/gcc/arm-none-eabi/13.3.1/../../../../arm-none-eabi/lib/thumb/v7e-m+fp/hard/libg_nano.a(libc_a-findfp.o)
                0x2000032c                __sf
 *(COMMON)
                0x20000464                        . = ALIGN (0x4)
                0x20000464                        _ebss = .
                0x20000464                        __bss_end__ = _ebss
                [!provide]                        PROVIDE (__bss_end = .)
                [!provide]                        PROVIDE (__non_tls_bss_start = ADDR (.bss))
                [!provide]                        PROVIDE (__bss_start = __tbss_start)
                [!provide]                        PROVIDE (__bss_size = (__bss_end - __bss_start))

._user_heap_stack
                0x20000464      0x604 load address 0x08003e18
                0x20000468                        . = ALIGN (0x8)
 *fill*         0x20000464        0x4 
                [!provide]                        PROVIDE (end = .)
                0x20000468                        PROVIDE (_end = .)
                0x20000668                        . = (. + _Min_Heap_Size)
 *fill*         0x20000468      0x200 
                0x20000a68                        . = (. + _Min_Stack_Size)
 *fill*         0x20000668      0x400 
                0x20000a68                        . = ALIGN (0x8)

/DISCARD/
 libc.a:*(*)
 libm.a:*(*)
 libgcc.a:*(*)
OUTPUT(CanModule22.elf elf32-littlearm)
LOAD linker stubs

.ARM.attributes
                0x00000000       0x30
 .ARM.attributes
                0x00000000       0x22 /opt/st/stm32cubeclt_1.19.0/GNU-tools-for-STM32/bin/../lib/gcc/arm-none-eabi/13.3.1/thumb/v7e-m+fp/hard/crti.o
 .ARM.attributes
                0x00000022       0x34 /opt/st/stm32cubeclt_1.19.0/GNU-tools-for-STM32/bin/../lib/gcc/arm-none-eabi/13.3.1/thumb/v7e-m+fp/hard/crtbegin.o
 .ARM.attributes
                0x00000056       0x34 cmake/stm32cubemx/CMakeFiles/STM32_Drivers.dir/__/__/Core/Src/system_stm32f4xx.c.obj
 .ARM.attributes
                0x0000008a       0x34 cmake/stm32cubemx/CMakeFiles/STM32_Drivers.dir/__/__/Drivers/STM32F4xx_HAL_Driver/Src/stm32f4xx_hal_adc.c.obj
 .ARM.attributes
                0x000000be       0x34 cmake/stm32cubemx/CMakeFiles/STM32_Drivers.dir/__/__/Drivers/STM32F4xx_HAL_Driver/Src/stm32f4xx_hal_rcc.c.obj
 .ARM.attributes
                0x000000f2       0x34 cmake/stm32cubemx/CMakeFiles/STM32_Drivers.dir/__/__/Drivers/STM32F4xx_HAL_Driver/Src/stm32f4xx_hal_gpio.c.obj
 .ARM.attributes
                0x00000126       0x34 cmake/stm32cubemx/CMakeFiles/STM32_Drivers.dir/__/__/Drivers/STM32F4xx_HAL_Driver/Src/stm32f4xx_hal_dma.c.obj
 .ARM.attributes
                0x0000015a       0x34 cmake/stm32cubemx/CMakeFiles/STM32_Drivers.dir/__/__/Drivers/STM32F4xx_HAL_Driver/Src/stm32f4xx_hal_cortex.c.obj
 .ARM.attributes
                0x0000018e       0x34 cmake/stm32cubemx/CMakeFiles/STM32_Drivers.dir/__/__/Drivers/STM32F4xx_HAL_Driver/Src/stm32f4xx_hal.c.obj
 .ARM.attributes
                0x000001c2       0x34 cmake/stm32cubemx/CMakeFiles/STM32_Drivers.dir/__/__/Drivers/STM32F4xx_HAL_Driver/Src/stm32f4xx_hal_can.c.obj
 .ARM.attributes
                0x000001f6       0x34 cmake/stm32cubemx/CMakeFiles/STM32_Drivers.dir/__/__/Drivers/STM32F4xx_HAL_Driver/Src/stm32f4xx_hal_iwdg.c.obj
 .ARM.attributes
                0x0000022a       0x34 cmake/stm32cubemx/CMakeFiles/STM32_Drivers.dir/__/__/Drivers/STM32F4xx_HAL_Driver/Src/stm32f4xx_hal_tim.c.obj
 .ARM.attributes
                0x0000025e       0x34 cmake/stm32cubemx/CMakeFiles/STM32_Drivers.dir/__/__/Drivers/STM32F4xx_HAL_Driver/Src/stm32f4xx_hal_tim_ex.c.obj
 .ARM.attributes
                0x00000292       0x34 CMakeFiles/CanModule22.dir/Core/Src/main.c.obj
 .ARM.attributes
                0x000002c6       0x34 CMakeFiles/CanModule22.dir/Core/Src/stm32f4xx_it.c.obj
 .ARM.attributes
                0x000002fa       0x34 CMakeFiles/CanModule22.dir/Core/Src/stm32f4xx_hal_msp.c.obj
 .ARM.attributes
                0x0000032e       0x21 CMakeFiles/CanModule22.dir/startup_stm32f407xx.s.obj
 .ARM.attributes
                0x0000034f       0x34 /opt/st/stm32cubeclt_1.19.0/GNU-tools-for-STM32/bin/../lib/gcc/arm-none-eabi/13.3.1/../../../../arm-none-eabi/lib/thumb/v7e-m+fp/hard/libm.a(libm_a-w_log.o)
 .ARM.attributes
                0x00000383       0x34 /opt/st/stm32cubeclt_1.19.0/GNU-tools-for-STM32/bin/../lib/gcc/arm-none-eabi/13.3.1/../../../../arm-none-eabi/lib/thumb/v7e-m+fp/hard/libm.a(libm_a-s_nan.o)
 .ARM.attributes
                0x000003b7       0x34 /opt/st/stm32cubeclt_1.19.0/GNU-tools-for-STM32/bin/../lib/gcc/arm-none-eabi/13.3.1/../../../../arm-none-eabi/lib/thumb/v7e-m+fp/hard/libm.a(libm_a-s_round.o)
 .ARM.attributes
                0x000003eb       0x34 /opt/st/stm32cubeclt_1.19.0/GNU-tools-for-STM32/bin/../lib/gcc/arm-none-eabi/13.3.1/../../../../arm-none-eabi/lib/thumb/v7e-m+fp/hard/libm.a(libm_a-e_log.o)
 .ARM.attributes
                0x0000041f       0x22 /opt/st/stm32cubeclt_1.19.0/GNU-tools-for-STM32/bin/../lib/gcc/arm-none-eabi/13.3.1/thumb/v7e-m+fp/hard/libgcc.a(_arm_addsubdf3.o)
 .ARM.attributes
                0x00000441       0x22 /opt/st/stm32cubeclt_1.19.0/GNU-tools-for-STM32/bin/../lib/gcc/arm-none-eabi/13.3.1/thumb/v7e-m+fp/hard/libgcc.a(_arm_muldivdf3.o)
 .ARM.attributes
                0x00000463       0x22 /opt/st/stm32cubeclt_1.19.0/GNU-tools-for-STM32/bin/../lib/gcc/arm-none-eabi/13.3.1/thumb/v7e-m+fp/hard/libgcc.a(_arm_cmpdf2.o)
 .ARM.attributes
                0x00000485       0x22 /opt/st/stm32cubeclt_1.19.0/GNU-tools-for-STM32/bin/../lib/gcc/arm-none-eabi/13.3.1/thumb/v7e-m+fp/hard/libgcc.a(_arm_unorddf2.o)
 .ARM.attributes
                0x000004a7       0x22 /opt/st/stm32cubeclt_1.19.0/GNU-tools-for-STM32/bin/../lib/gcc/arm-none-eabi/13.3.1/thumb/v7e-m+fp/hard/libgcc.a(_arm_fixunsdfsi.o)
 .ARM.attributes
                0x000004c9       0x22 /opt/st/stm32cubeclt_1.19.0/GNU-tools-for-STM32/bin/../lib/gcc/arm-none-eabi/13.3.1/thumb/v7e-m+fp/hard/libgcc.a(_aeabi_uldivmod.o)
 .ARM.attributes
                0x000004eb       0x34 /opt/st/stm32cubeclt_1.19.0/GNU-tools-for-STM32/bin/../lib/gcc/arm-none-eabi/13.3.1/thumb/v7e-m+fp/hard/libgcc.a(_udivmoddi4.o)
 .ARM.attributes
                0x0000051f       0x22 /opt/st/stm32cubeclt_1.19.0/GNU-tools-for-STM32/bin/../lib/gcc/arm-none-eabi/13.3.1/thumb/v7e-m+fp/hard/libgcc.a(_dvmd_tls.o)
 .ARM.attributes
                0x00000541       0x34 /opt/st/stm32cubeclt_1.19.0/GNU-tools-for-STM32/bin/../lib/gcc/arm-none-eabi/13.3.1/../../../../arm-none-eabi/lib/thumb/v7e-m+fp/hard/libg_nano.a(libc_a-findfp.o)
 .ARM.attributes
                0x00000575       0x34 /opt/st/stm32cubeclt_1.19.0/GNU-tools-for-STM32/bin/../lib/gcc/arm-none-eabi/13.3.1/../../../../arm-none-eabi/lib/thumb/v7e-m+fp/hard/libg_nano.a(libc_a-memset.o)
 .ARM.attributes
                0x000005a9       0x34 /opt/st/stm32cubeclt_1.19.0/GNU-tools-for-STM32/bin/../lib/gcc/arm-none-eabi/13.3.1/../../../../arm-none-eabi/lib/thumb/v7e-m+fp/hard/libg_nano.a(libc_a-impure.o)
 .ARM.attributes
                0x000005dd       0x34 /opt/st/stm32cubeclt_1.19.0/GNU-tools-for-STM32/bin/../lib/gcc/arm-none-eabi/13.3.1/../../../../arm-none-eabi/lib/thumb/v7e-m+fp/hard/libg_nano.a(libc_a-errno.o)
 .ARM.attributes
                0x00000611       0x34 /opt/st/stm32cubeclt_1.19.0/GNU-tools-for-STM32/bin/../lib/gcc/arm-none-eabi/13.3.1/../../../../arm-none-eabi/lib/thumb/v7e-m+fp/hard/libg_nano.a(libc_a-init.o)
 .ARM.attributes
                0x00000645       0x22 /opt/st/stm32cubeclt_1.19.0/GNU-tools-for-STM32/bin/../lib/gcc/arm-none-eabi/13.3.1/thumb/v7e-m+fp/hard/crtn.o

.comment        0x00000000       0x43
 .comment       0x00000000       0x43 cmake/stm32cubemx/CMakeFiles/STM32_Drivers.dir/__/__/Core/Src/system_stm32f4xx.c.obj
                                 0x44 (size before relaxing)
 .comment       0x00000043       0x44 cmake/stm32cubemx/CMakeFiles/STM32_Drivers.dir/__/__/Drivers/STM32F4xx_HAL_Driver/Src/stm32f4xx_hal_adc.c.obj
 .comment       0x00000043       0x44 cmake/stm32cubemx/CMakeFiles/STM32_Drivers.dir/__/__/Drivers/STM32F4xx_HAL_Driver/Src/stm32f4xx_hal_rcc.c.obj
 .comment       0x00000043       0x44 cmake/stm32cubemx/CMakeFiles/STM32_Drivers.dir/__/__/Drivers/STM32F4xx_HAL_Driver/Src/stm32f4xx_hal_gpio.c.obj
 .comment       0x00000043       0x44 cmake/stm32cubemx/CMakeFiles/STM32_Drivers.dir/__/__/Drivers/STM32F4xx_HAL_Driver/Src/stm32f4xx_hal_dma.c.obj
 .comment       0x00000043       0x44 cmake/stm32cubemx/CMakeFiles/STM32_Drivers.dir/__/__/Drivers/STM32F4xx_HAL_Driver/Src/stm32f4xx_hal_cortex.c.obj
 .comment       0x00000043       0x44 cmake/stm32cubemx/CMakeFiles/STM32_Drivers.dir/__/__/Drivers/STM32F4xx_HAL_Driver/Src/stm32f4xx_hal.c.obj
 .comment       0x00000043       0x44 cmake/stm32cubemx/CMakeFiles/STM32_Drivers.dir/__/__/Drivers/STM32F4xx_HAL_Driver/Src/stm32f4xx_hal_can.c.obj
 .comment       0x00000043       0x44 cmake/stm32cubemx/CMakeFiles/STM32_Drivers.dir/__/__/Drivers/STM32F4xx_HAL_Driver/Src/stm32f4xx_hal_iwdg.c.obj
 .comment       0x00000043       0x44 cmake/stm32cubemx/CMakeFiles/STM32_Drivers.dir/__/__/Drivers/STM32F4xx_HAL_Driver/Src/stm32f4xx_hal_tim.c.obj
 .comment       0x00000043       0x44 cmake/stm32cubemx/CMakeFiles/STM32_Drivers.dir/__/__/Drivers/STM32F4xx_HAL_Driver/Src/stm32f4xx_hal_tim_ex.c.obj
 .comment       0x00000043       0x44 CMakeFiles/CanModule22.dir/Core/Src/main.c.obj
 .comment       0x00000043       0x44 CMakeFiles/CanModule22.dir/Core/Src/stm32f4xx_it.c.obj
 .comment       0x00000043       0x44 CMakeFiles/CanModule22.dir/Core/Src/stm32f4xx_hal_msp.c.obj
 .comment       0x00000043       0x44 /opt/st/stm32cubeclt_1.19.0/GNU-tools-for-STM32/bin/../lib/gcc/arm-none-eabi/13.3.1/../../../../arm-none-eabi/lib/thumb/v7e-m+fp/hard/libg_nano.a(libc_a-findfp.o)
 .comment       0x00000043       0x44 /opt/st/stm32cubeclt_1.19.0/GNU-tools-for-STM32/bin/../lib/gcc/arm-none-eabi/13.3.1/../../../../arm-none-eabi/lib/thumb/v7e-m+fp/hard/libg_nano.a(libc_a-memset.o)
 .comment       0x00000043       0x44 /opt/st/stm32cubeclt_1.19.0/GNU-tools-for-STM32/bin/../lib/gcc/arm-none-eabi/13.3.1/../../../../arm-none-eabi/lib/thumb/v7e-m+fp/hard/libg_nano.a(libc_a-impure.o)
 .comment       0x00000043       0x44 /opt/st/stm32cubeclt_1.19.0/GNU-tools-for-STM32/bin/../lib/gcc/arm-none-eabi/13.3.1/../../../../arm-none-eabi/lib/thumb/v7e-m+fp/hard/libg_nano.a(libc_a-errno.o)
 .comment       0x00000043       0x44 /opt/st/stm32cubeclt_1.19.0/GNU-tools-for-STM32/bin/../lib/gcc/arm-none-eabi/13.3.1/../../../../arm-none-eabi/lib/thumb/v7e-m+fp/hard/libg_nano.a(libc_a-init.o)

.debug_frame    0x00000000      0x4ec
 .debug_frame   0x00000000       0x4c /opt/st/stm32cubeclt_1.19.0/GNU-tools-for-STM32/bin/../lib/gcc/arm-none-eabi/13.3.1/../../../../arm-none-eabi/lib/thumb/v7e-m+fp/hard/libm.a(libm_a-w_log.o)
 .debug_frame   0x0000004c       0x20 /opt/st/stm32cubeclt_1.19.0/GNU-tools-for-STM32/bin/../lib/gcc/arm-none-eabi/13.3.1/../../../../arm-none-eabi/lib/thumb/v7e-m+fp/hard/libm.a(libm_a-s_nan.o)
 .debug_frame   0x0000006c       0x2c /opt/st/stm32cubeclt_1.19.0/GNU-tools-for-STM32/bin/../lib/gcc/arm-none-eabi/13.3.1/../../../../arm-none-eabi/lib/thumb/v7e-m+fp/hard/libm.a(libm_a-s_round.o)
 .debug_frame   0x00000098       0x40 /opt/st/stm32cubeclt_1.19.0/GNU-tools-for-STM32/bin/../lib/gcc/arm-none-eabi/13.3.1/../../../../arm-none-eabi/lib/thumb/v7e-m+fp/hard/libm.a(libm_a-e_log.o)
 .debug_frame   0x000000d8       0xac /opt/st/stm32cubeclt_1.19.0/GNU-tools-for-STM32/bin/../lib/gcc/arm-none-eabi/13.3.1/thumb/v7e-m+fp/hard/libgcc.a(_arm_addsubdf3.o)
 .debug_frame   0x00000184       0x50 /opt/st/stm32cubeclt_1.19.0/GNU-tools-for-STM32/bin/../lib/gcc/arm-none-eabi/13.3.1/thumb/v7e-m+fp/hard/libgcc.a(_arm_muldivdf3.o)
 .debug_frame   0x000001d4       0xc4 /opt/st/stm32cubeclt_1.19.0/GNU-tools-for-STM32/bin/../lib/gcc/arm-none-eabi/13.3.1/thumb/v7e-m+fp/hard/libgcc.a(_arm_cmpdf2.o)
 .debug_frame   0x00000298       0x20 /opt/st/stm32cubeclt_1.19.0/GNU-tools-for-STM32/bin/../lib/gcc/arm-none-eabi/13.3.1/thumb/v7e-m+fp/hard/libgcc.a(_arm_unorddf2.o)
 .debug_frame   0x000002b8       0x24 /opt/st/stm32cubeclt_1.19.0/GNU-tools-for-STM32/bin/../lib/gcc/arm-none-eabi/13.3.1/thumb/v7e-m+fp/hard/libgcc.a(_arm_fixunsdfsi.o)
 .debug_frame   0x000002dc       0x2c /opt/st/stm32cubeclt_1.19.0/GNU-tools-for-STM32/bin/../lib/gcc/arm-none-eabi/13.3.1/thumb/v7e-m+fp/hard/libgcc.a(_aeabi_uldivmod.o)
 .debug_frame   0x00000308       0x34 /opt/st/stm32cubeclt_1.19.0/GNU-tools-for-STM32/bin/../lib/gcc/arm-none-eabi/13.3.1/thumb/v7e-m+fp/hard/libgcc.a(_udivmoddi4.o)
 .debug_frame   0x0000033c      0x144 /opt/st/stm32cubeclt_1.19.0/GNU-tools-for-STM32/bin/../lib/gcc/arm-none-eabi/13.3.1/../../../../arm-none-eabi/lib/thumb/v7e-m+fp/hard/libg_nano.a(libc_a-findfp.o)
 .debug_frame   0x00000480       0x20 /opt/st/stm32cubeclt_1.19.0/GNU-tools-for-STM32/bin/../lib/gcc/arm-none-eabi/13.3.1/../../../../arm-none-eabi/lib/thumb/v7e-m+fp/hard/libg_nano.a(libc_a-memset.o)
 .debug_frame   0x000004a0       0x20 /opt/st/stm32cubeclt_1.19.0/GNU-tools-for-STM32/bin/../lib/gcc/arm-none-eabi/13.3.1/../../../../arm-none-eabi/lib/thumb/v7e-m+fp/hard/libg_nano.a(libc_a-errno.o)
 .debug_frame   0x000004c0       0x2c /opt/st/stm32cubeclt_1.19.0/GNU-tools-for-STM32/bin/../lib/gcc/arm-none-eabi/13.3.1/../../../../arm-none-eabi/lib/thumb/v7e-m+fp/hard/libg_nano.a(libc_a-init.o)

.debug_info     0x00000000     0x1fb0
 .debug_info    0x00000000      0xfb5 /opt/st/stm32cubeclt_1.19.0/GNU-tools-for-STM32/bin/../lib/gcc/arm-none-eabi/13.3.1/../../../../arm-none-eabi/lib/thumb/v7e-m+fp/hard/libg_nano.a(libc_a-findfp.o)
 .debug_info    0x00000fb5       0xe0 /opt/st/stm32cubeclt_1.19.0/GNU-tools-for-STM32/bin/../lib/gcc/arm-none-eabi/13.3.1/../../../../arm-none-eabi/lib/thumb/v7e-m+fp/hard/libg_nano.a(libc_a-memset.o)
 .debug_info    0x00001095      0x715 /opt/st/stm32cubeclt_1.19.0/GNU-tools-for-STM32/bin/../lib/gcc/arm-none-eabi/13.3.1/../../../../arm-none-eabi/lib/thumb/v7e-m+fp/hard/libg_nano.a(libc_a-impure.o)
 .debug_info    0x000017aa      0x6fb /opt/st/stm32cubeclt_1.19.0/GNU-tools-for-STM32/bin/../lib/gcc/arm-none-eabi/13.3.1/../../../../arm-none-eabi/lib/thumb/v7e-m+fp/hard/libg_nano.a(libc_a-errno.o)
 .debug_info    0x00001ea5      0x10b /opt/st/stm32cubeclt_1.19.0/GNU-tools-for-STM32/bin/../lib/gcc/arm-none-eabi/13.3.1/../../../../arm-none-eabi/lib/thumb/v7e-m+fp/hard/libg_nano.a(libc_a-init.o)

.debug_abbrev   0x00000000      0x832
 .debug_abbrev  0x00000000      0x424 /opt/st/stm32cubeclt_1.19.0/GNU-tools-for-STM32/bin/../lib/gcc/arm-none-eabi/13.3.1/../../../../arm-none-eabi/lib/thumb/v7e-m+fp/hard/libg_nano.a(libc_a-findfp.o)
 .debug_abbrev  0x00000424       0x9e /opt/st/stm32cubeclt_1.19.0/GNU-tools-for-STM32/bin/../lib/gcc/arm-none-eabi/13.3.1/../../../../arm-none-eabi/lib/thumb/v7e-m+fp/hard/libg_nano.a(libc_a-memset.o)
 .debug_abbrev  0x000004c2      0x149 /opt/st/stm32cubeclt_1.19.0/GNU-tools-for-STM32/bin/../lib/gcc/arm-none-eabi/13.3.1/../../../../arm-none-eabi/lib/thumb/v7e-m+fp/hard/libg_nano.a(libc_a-impure.o)
 .debug_abbrev  0x0000060b      0x15e /opt/st/stm32cubeclt_1.19.0/GNU-tools-for-STM32/bin/../lib/gcc/arm-none-eabi/13.3.1/../../../../arm-none-eabi/lib/thumb/v7e-m+fp/hard/libg_nano.a(libc_a-errno.o)
 .debug_abbrev  0x00000769       0xc9 /opt/st/stm32cubeclt_1.19.0/GNU-tools-for-STM32/bin/../lib/gcc/arm-none-eabi/13.3.1/../../../../arm-none-eabi/lib/thumb/v7e-m+fp/hard/libg_nano.a(libc_a-init.o)

.debug_loclists
                0x00000000      0x33d
 .debug_loclists
                0x00000000      0x2ac /opt/st/stm32cubeclt_1.19.0/GNU-tools-for-STM32/bin/../lib/gcc/arm-none-eabi/13.3.1/../../../../arm-none-eabi/lib/thumb/v7e-m+fp/hard/libg_nano.a(libc_a-findfp.o)
 .debug_loclists
                0x000002ac       0x4d /opt/st/stm32cubeclt_1.19.0/GNU-tools-for-STM32/bin/../lib/gcc/arm-none-eabi/13.3.1/../../../../arm-none-eabi/lib/thumb/v7e-m+fp/hard/libg_nano.a(libc_a-memset.o)
 .debug_loclists
                0x000002f9       0x44 /opt/st/stm32cubeclt_1.19.0/GNU-tools-for-STM32/bin/../lib/gcc/arm-none-eabi/13.3.1/../../../../arm-none-eabi/lib/thumb/v7e-m+fp/hard/libg_nano.a(libc_a-init.o)

.debug_aranges  0x00000000       0xf0
 .debug_aranges
                0x00000000       0x78 /opt/st/stm32cubeclt_1.19.0/GNU-tools-for-STM32/bin/../lib/gcc/arm-none-eabi/13.3.1/../../../../arm-none-eabi/lib/thumb/v7e-m+fp/hard/libg_nano.a(libc_a-findfp.o)
 .debug_aranges
                0x00000078       0x20 /opt/st/stm32cubeclt_1.19.0/GNU-tools-for-STM32/bin/../lib/gcc/arm-none-eabi/13.3.1/../../../../arm-none-eabi/lib/thumb/v7e-m+fp/hard/libg_nano.a(libc_a-memset.o)
 .debug_aranges
                0x00000098       0x18 /opt/st/stm32cubeclt_1.19.0/GNU-tools-for-STM32/bin/../lib/gcc/arm-none-eabi/13.3.1/../../../../arm-none-eabi/lib/thumb/v7e-m+fp/hard/libg_nano.a(libc_a-impure.o)
 .debug_aranges
                0x000000b0       0x20 /opt/st/stm32cubeclt_1.19.0/GNU-tools-for-STM32/bin/../lib/gcc/arm-none-eabi/13.3.1/../../../../arm-none-eabi/lib/thumb/v7e-m+fp/hard/libg_nano.a(libc_a-errno.o)
 .debug_aranges
                0x000000d0       0x20 /opt/st/stm32cubeclt_1.19.0/GNU-tools-for-STM32/bin/../lib/gcc/arm-none-eabi/13.3.1/../../../../arm-none-eabi/lib/thumb/v7e-m+fp/hard/libg_nano.a(libc_a-init.o)

.debug_rnglists
                0x00000000       0xb3
 .debug_rnglists
                0x00000000       0x7a /opt/st/stm32cubeclt_1.19.0/GNU-tools-for-STM32/bin/../lib/gcc/arm-none-eabi/13.3.1/../../../../arm-none-eabi/lib/thumb/v7e-m+fp/hard/libg_nano.a(libc_a-findfp.o)
 .debug_rnglists
                0x0000007a       0x13 /opt/st/stm32cubeclt_1.19.0/GNU-tools-for-STM32/bin/../lib/gcc/arm-none-eabi/13.3.1/../../../../arm-none-eabi/lib/thumb/v7e-m+fp/hard/libg_nano.a(libc_a-memset.o)
 .debug_rnglists
                0x0000008d       0x13 /opt/st/stm32cubeclt_1.19.0/GNU-tools-for-STM32/bin/../lib/gcc/arm-none-eabi/13.3.1/../../../../arm-none-eabi/lib/thumb/v7e-m+fp/hard/libg_nano.a(libc_a-errno.o)
 .debug_rnglists
                0x000000a0       0x13 /opt/st/stm32cubeclt_1.19.0/GNU-tools-for-STM32/bin/../lib/gcc/arm-none-eabi/13.3.1/../../../../arm-none-eabi/lib/thumb/v7e-m+fp/hard/libg_nano.a(libc_a-init.o)

.debug_line     0x00000000      0xb96
 .debug_line    0x00000000      0x5c0 /opt/st/stm32cubeclt_1.19.0/GNU-tools-for-STM32/bin/../lib/gcc/arm-none-eabi/13.3.1/../../../../arm-none-eabi/lib/thumb/v7e-m+fp/hard/libg_nano.a(libc_a-findfp.o)
 .debug_line    0x000005c0      0x17e /opt/st/stm32cubeclt_1.19.0/GNU-tools-for-STM32/bin/../lib/gcc/arm-none-eabi/13.3.1/../../../../arm-none-eabi/lib/thumb/v7e-m+fp/hard/libg_nano.a(libc_a-memset.o)
 .debug_line    0x0000073e      0x163 /opt/st/stm32cubeclt_1.19.0/GNU-tools-for-STM32/bin/../lib/gcc/arm-none-eabi/13.3.1/../../../../arm-none-eabi/lib/thumb/v7e-m+fp/hard/libg_nano.a(libc_a-impure.o)
 .debug_line    0x000008a1      0x185 /opt/st/stm32cubeclt_1.19.0/GNU-tools-for-STM32/bin/../lib/gcc/arm-none-eabi/13.3.1/../../../../arm-none-eabi/lib/thumb/v7e-m+fp/hard/libg_nano.a(libc_a-errno.o)
 .debug_line    0x00000a26      0x170 /opt/st/stm32cubeclt_1.19.0/GNU-tools-for-STM32/bin/../lib/gcc/arm-none-eabi/13.3.1/../../../../arm-none-eabi/lib/thumb/v7e-m+fp/hard/libg_nano.a(libc_a-init.o)

.debug_str      0x00000000      0x8e2
 .debug_str     0x00000000      0x8e2 /opt/st/stm32cubeclt_1.19.0/GNU-tools-for-STM32/bin/../lib/gcc/arm-none-eabi/13.3.1/../../../../arm-none-eabi/lib/thumb/v7e-m+fp/hard/libg_nano.a(libc_a-findfp.o)
                                0x7b4 (size before relaxing)
 .debug_str     0x000008e2      0x211 /opt/st/stm32cubeclt_1.19.0/GNU-tools-for-STM32/bin/../lib/gcc/arm-none-eabi/13.3.1/../../../../arm-none-eabi/lib/thumb/v7e-m+fp/hard/libg_nano.a(libc_a-memset.o)
 .debug_str     0x000008e2      0x531 /opt/st/stm32cubeclt_1.19.0/GNU-tools-for-STM32/bin/../lib/gcc/arm-none-eabi/13.3.1/../../../../arm-none-eabi/lib/thumb/v7e-m+fp/hard/libg_nano.a(libc_a-impure.o)
 .debug_str     0x000008e2      0x52b /opt/st/stm32cubeclt_1.19.0/GNU-tools-for-STM32/bin/../lib/gcc/arm-none-eabi/13.3.1/../../../../arm-none-eabi/lib/thumb/v7e-m+fp/hard/libg_nano.a(libc_a-errno.o)
 .debug_str     0x000008e2      0x272 /opt/st/stm32cubeclt_1.19.0/GNU-tools-for-STM32/bin/../lib/gcc/arm-none-eabi/13.3.1/../../../../arm-none-eabi/lib/thumb/v7e-m+fp/hard/libg_nano.a(libc_a-init.o)
