../Core/Src/main.c:215:6:HAL_TIM_PeriodElapsedCallback	36
../Core/Src/main.c:417:5:main	8
../Core/Src/main.c:616:6:SystemClock_Config	3
../Core/Src/main.c:662:13:MX_NVIC_Init	1
../Core/Src/main.c:674:13:MX_ADC1_Init	18
../Core/Src/main.c:861:13:MX_CAN1_Init	5
../Core/Src/main.c:929:13:MX_IWDG_Init	2
../Core/Src/main.c:957:13:MX_TIM3_Init	4
../Core/Src/main.c:1002:13:MX_TIM4_Init	4
../Core/Src/main.c:1045:13:MX_DMA_Init	1
../Core/Src/main.c:1058:13:MX_GPIO_Init	1
../Core/Src/main.c:1177:6:CanDataTx_CAN	1
../Core/Src/main.c:1188:6:ADC_ValueAverage	3
../Core/Src/main.c:1238:6:Error_Handler	1
